Archive member included because of file (symbol)

../cross_compiler/lib/gcc/arm-none-eabi/4.8.1//libgcc.a(_udivsi3.o)
                              binaries/qsort.o (__aeabi_uidiv)
../cross_compiler/lib/gcc/arm-none-eabi/4.8.1//libgcc.a(_divsi3.o)
                              binaries/xsh_help.o (__aeabi_idiv)
../cross_compiler/lib/gcc/arm-none-eabi/4.8.1//libgcc.a(_dvmd_tls.o)
                              ../cross_compiler/lib/gcc/arm-none-eabi/4.8.1//libgcc.a(_udivsi3.o) (__aeabi_idiv0)
../cross_compiler/lib/gcc/arm-none-eabi/4.8.1//libgcc.a(_arm_addsubdf3.o)
                              binaries/amsg_handler.o (__aeabi_ui2d)
../cross_compiler/lib/gcc/arm-none-eabi/4.8.1//libgcc.a(_arm_muldivdf3.o)
                              binaries/amsg_handler.o (__aeabi_dmul)
../cross_compiler/lib/gcc/arm-none-eabi/4.8.1//libgcc.a(_arm_truncdfsf2.o)
                              binaries/amsg_handler.o (__aeabi_d2f)
../cross_compiler/lib/gcc/arm-none-eabi/4.8.1//libgcc.a(_arm_fixsfsi.o)
                              binaries/amsg_handler.o (__aeabi_f2iz)

Allocating common symbols
Common symbol       size              file

info                0xc               binaries/wsnode.o
netbufpool          0x4               binaries/net.o
readylist           0x2               binaries/ready.o
sleepq              0x2               binaries/clkinit.o
nd_ncache           0x2a8             binaries/nd.o
intc_vector         0x200             binaries/evec.o
nnames              0x4               binaries/naminit.o
minheap             0x4               binaries/meminit.o
marks               0x50              binaries/mark.o
currpid             0x4               binaries/initialize.o
porttab             0x2d0             binaries/ptinit.o
ttytab              0x110             binaries/ttyinit.o
proctab             0x15e0            binaries/initialize.o
eth_a_regs          0x1c              binaries/ethinit.o
prcount             0x4               binaries/initialize.o
ethertab            0x138             binaries/ethinit.o
NetData             0x28              binaries/net.o
nmarks              0x4               binaries/mark.o
Defer               0x8               binaries/resched.o
semtab              0x4b0             binaries/initialize.o
maxheap             0x4               binaries/meminit.o
preempt             0x4               binaries/clkinit.o
buftab              0xf0              binaries/bufinit.o
mkmutex             0x4               binaries/mark.o
radtab              0x74              binaries/netiface.o
ip_fwtab            0x1e0             binaries/ip.o
clktime             0x4               binaries/clkinit.o
iftab               0x258             binaries/netiface.o
cpudelay            0x4               binaries/main.o
nbpools             0x4               binaries/bufinit.o
queuetab            0x980             binaries/queue.o
ptnextid            0x4               binaries/ptinit.o
slot                0x4               binaries/wsnode.o
memlist             0x8               binaries/initialize.o
nametab             0x19a0            binaries/naminit.o
ptfree              0x4               binaries/ptinit.o

Memory Configuration

Name             Origin             Length             Attributes
*default*        0x00000000         0xffffffff

Linker script and memory map

                0x81000000                physbase = 0x81000000
                0x81000000                . = physbase
                0x81000000                . = ALIGN (0x1000)

.text           0x81000000     0xe000
                0x81000000                text = ABSOLUTE (.)
 *(.text .text.*)
 .text          0x81000000       0x4c binaries/start.o
                0x81000000                start
 .text          0x8100004c      0x33c binaries/ascdate.o
                0x8100004c                ascdate
 .text          0x81000388       0x18 binaries/bufinit.o
                0x81000388                bufinit
 .text          0x810003a0       0x68 binaries/chprio.o
                0x810003a0                chprio
 .text          0x81000408       0xf0 binaries/clkhandler.o
                0x81000408                clkhandler
 .text          0x810004f8       0xd4 binaries/clkinit.o
                0x810004f8                clkinit
 .text          0x810005cc       0x50 binaries/close.o
                0x810005cc                close
 .text          0x8100061c        0x0 binaries/conf.o
 .text          0x8100061c       0x68 binaries/control.o
                0x8100061c                control
 .text          0x81000684      0x290 binaries/create.o
                0x81000684                create
 .text          0x81000914       0xb0 binaries/evec.o
                0x81000914                initintc
                0x81000940                set_evec
                0x81000980                irq_dispatch
 .text          0x810009c4       0x10 binaries/exit.o
                0x810009c4                exit
 .text          0x810009d4       0x7c binaries/freebuf.o
                0x810009d4                freebuf
 .text          0x81000a50      0x148 binaries/freemem.o
                0x81000a50                freemem
 .text          0x81000b98       0x78 binaries/getbuf.o
                0x81000b98                getbuf
 .text          0x81000c10       0x50 binaries/getc.o
                0x81000c10                getc
 .text          0x81000c60       0x68 binaries/getdev.o
                0x81000c60                getdev
 .text          0x81000cc8       0xa0 binaries/getitem.o
                0x81000cc8                getitem
                0x81000cf8                getfirst
                0x81000d2c                getlast
 .text          0x81000d68      0x108 binaries/getmem.o
                0x81000d68                getmem
 .text          0x81000e70       0x10 binaries/getpid.o
                0x81000e70                getpid
 .text          0x81000e80       0x5c binaries/getprio.o
                0x81000e80                getprio
 .text          0x81000edc       0xc8 binaries/getstk.o
                0x81000edc                getstk
 .text          0x81000fa4       0x50 binaries/init.o
                0x81000fa4                init
 .text          0x81000ff4      0x29c binaries/initialize.o
                0x81000ff4                nulluser
                0x81001230                stop
                0x81001254                delay
 .text          0x81001290       0xc4 binaries/insert.o
                0x81001290                insert
 .text          0x81001354      0x128 binaries/insertd.o
                0x81001354                insertd
 .text          0x8100147c        0x8 binaries/ioerr.o
                0x8100147c                ioerr
 .text          0x81001484        0x8 binaries/ionull.o
                0x81001484                ionull
 .text          0x8100148c      0x158 binaries/kill.o
                0x8100148c                kill
 .text          0x810015e4       0xb4 binaries/kprintf.o
                0x810015e4                kputc
                0x81001624                kgetc
                0x81001658                kprintf
 .text          0x81001698       0x70 binaries/main.o
                0x81001698                counterproc
                0x810016d4                main
 .text          0x81001708       0xd0 binaries/mark.o
                0x81001708                markinit
                0x81001734                mark
 .text          0x810017d8       0x48 binaries/meminit.o
                0x810017d8                meminit
 .text          0x81001820      0x134 binaries/mkbufpool.o
                0x81001820                mkbufpool
 .text          0x81001954       0x7c binaries/newqueue.o
                0x81001954                newqueue
 .text          0x810019d0       0x60 binaries/open.o
                0x810019d0                open
 .text          0x81001a30       0x20 binaries/panic.o
                0x81001a30                panic
 .text          0x81001a50       0x90 binaries/platinit.o
                0x81001a50                platinit
 .text          0x81001ae0       0xa8 binaries/ptclear.o
                0x81001ae0                _ptclear
 .text          0x81001b88       0x78 binaries/ptcount.o
                0x81001b88                ptcount
 .text          0x81001c00       0xdc binaries/ptcreate.o
                0x81001c00                ptcreate
 .text          0x81001cdc       0x74 binaries/ptdelete.o
                0x81001cdc                ptdelete
 .text          0x81001d50       0xbc binaries/ptinit.o
                0x81001d50                ptinit
 .text          0x81001e0c       0xd0 binaries/ptrecv.o
                0x81001e0c                ptrecv
 .text          0x81001edc       0x68 binaries/ptreset.o
                0x81001edc                ptreset
 .text          0x81001f44       0xf4 binaries/ptsend.o
                0x81001f44                ptsend
 .text          0x81002038       0x58 binaries/putc.o
                0x81002038                putc
 .text          0x81002090       0xe4 binaries/queue.o
                0x81002090                enqueue
                0x81002118                dequeue
 .text          0x81002174       0x60 binaries/read.o
                0x81002174                read
 .text          0x810021d4       0x74 binaries/ready.o
                0x810021d4                ready
 .text          0x81002248       0x60 binaries/receive.o
                0x81002248                receive
 .text          0x810022a8       0x48 binaries/recvclr.o
                0x810022a8                recvclr
 .text          0x810022f0       0xb0 binaries/recvtime.o
                0x810022f0                recvtime
 .text          0x810023a0      0x1ac binaries/resched.o
                0x810023a0                resched
                0x81002490                resched_cntl
 .text          0x8100254c       0x90 binaries/resume.o
                0x8100254c                resume
 .text          0x810025dc       0x58 binaries/seek.o
                0x810025dc                seek
 .text          0x81002634       0x58 binaries/semcount.o
                0x81002634                semcount
 .text          0x8100268c       0xb8 binaries/semcreate.o
                0x8100268c                semcreate
 .text          0x81002744       0xac binaries/semdelete.o
                0x81002744                semdelete
 .text          0x810027f0       0xa4 binaries/semreset.o
                0x810027f0                semreset
 .text          0x81002894       0xc0 binaries/send.o
                0x81002894                send
 .text          0x81002954       0x80 binaries/signal.o
                0x81002954                signal
 .text          0x810029d4       0xb0 binaries/signaln.o
                0x810029d4                signaln
 .text          0x81002a84       0xcc binaries/sleep.o
                0x81002a84                sleepms
                0x81002b20                sleep
 .text          0x81002b50       0xbc binaries/suspend.o
                0x81002b50                suspend
 .text          0x81002c0c       0xb8 binaries/unsleep.o
                0x81002c0c                unsleep
 .text          0x81002cc4       0x10 binaries/userret.o
                0x81002cc4                userret
 .text          0x81002cd4       0xac binaries/wait.o
                0x81002cd4                wait
 .text          0x81002d80       0xa0 binaries/wakeup.o
                0x81002d80                wakeup
 .text          0x81002e20       0x60 binaries/write.o
                0x81002e20                write
 .text          0x81002e80       0x18 binaries/xdone.o
                0x81002e80                xdone
 .text          0x81002e98       0x20 binaries/yield.o
                0x81002e98                yield
 .text          0x81002eb8        0xc binaries/abs.o
                0x81002eb8                abs
 .text          0x81002ec4      0x114 binaries/atoi.o
                0x81002ec4                atoi
 .text          0x81002fd8      0x114 binaries/atol.o
                0x81002fd8                atol
 .text          0x810030ec       0x20 binaries/bzero.o
                0x810030ec                bzero
 .text          0x8100310c        0x0 binaries/ctype_.o
 .text          0x8100310c      0x8fc binaries/doprnt.o
                0x810032f0                _doprnt
 .text          0x81003a08      0x704 binaries/doscan.o
                0x81003a08                _doscan
 .text          0x8100410c      0x898 binaries/fdoprnt.o
                0x810041b8                _fdoprnt
 .text          0x810049a4       0x14 binaries/fgetc.o
                0x810049a4                fgetc
 .text          0x810049b8       0x84 binaries/fgets.o
                0x810049b8                fgets
 .text          0x81004a3c       0x3c binaries/fprintf.o
                0x81004a3c                fprintf
 .text          0x81004a78       0x24 binaries/fputc.o
                0x81004a78                fputc
 .text          0x81004a9c       0x38 binaries/fputs.o
                0x81004a9c                fputs
 .text          0x81004ad4       0x78 binaries/fscanf.o
                0x81004b08                fscanf
 .text          0x81004b4c       0x2c binaries/getchar.o
                0x81004b4c                getchar
 .text          0x81004b78        0xc binaries/labs.o
                0x81004b78                labs
 .text          0x81004b84       0x48 binaries/memchr.o
                0x81004b84                memchr
 .text          0x81004bcc       0x60 binaries/memcmp.o
                0x81004bcc                memcmp
 .text          0x81004c2c       0x24 binaries/memcpy.o
                0x81004c2c                memcpy
 .text          0x81004c50       0x20 binaries/memset.o
                0x81004c50                memset
 .text          0x81004c70       0x58 binaries/printf.o
                0x81004c70                printf
 .text          0x81004cc8       0x2c binaries/putchar.o
                0x81004cc8                putchar
 .text          0x81004cf4      0x254 binaries/qsort.o
                0x81004f28                qsort
 .text          0x81004f48       0x3c binaries/rand.o
                0x81004f48                srand
                0x81004f58                rand
 .text          0x81004f84       0x68 binaries/sprintf.o
                0x81004f9c                sprintf
 .text          0x81004fec       0x78 binaries/sscanf.o
                0x81005020                sscanf
 .text          0x81005064       0x48 binaries/strchr.o
                0x81005064                strchr
 .text          0x810050ac       0x54 binaries/strcmp.o
                0x810050ac                strcmp
 .text          0x81005100       0x18 binaries/strcpy.o
                0x81005100                strcpy
 .text          0x81005118       0x30 binaries/strlen.o
                0x81005118                strlen
 .text          0x81005148       0x50 binaries/strncat.o
                0x81005148                strncat
 .text          0x81005198       0x54 binaries/strncmp.o
                0x81005198                strncmp
 .text          0x810051ec       0x80 binaries/strncpy.o
                0x810051ec                strncpy
 .text          0x8100526c       0x48 binaries/strnlen.o
                0x8100526c                strnlen
 .text          0x810052b4       0x58 binaries/strrchr.o
                0x810052b4                strrchr
 .text          0x8100530c       0xb0 binaries/strstr.o
                0x8100530c                strstr
 .text          0x810053bc       0xc8 binaries/ttycontrol.o
                0x810053bc                ttycontrol
 .text          0x81005484       0x6c binaries/ttygetc.o
                0x81005484                ttygetc
 .text          0x810054f0      0x4d8 binaries/ttyhandle_in.o
                0x810055bc                ttyhandle_in
 .text          0x810059c8      0x14c binaries/ttyhandle_out.o
                0x810059c8                ttyhandle_out
 .text          0x81005b14       0xc8 binaries/ttyhandler.o
                0x81005b14                ttyhandler
 .text          0x81005bdc      0x120 binaries/ttyinit.o
                0x81005bdc                ttyinit
 .text          0x81005cfc        0xc binaries/ttykickout.o
                0x81005cfc                ttykickout
 .text          0x81005d08       0x78 binaries/ttyputc.o
                0x81005d08                ttyputc
 .text          0x81005d80      0x110 binaries/ttyread.o
                0x81005d80                ttyread
 .text          0x81005e90       0x4c binaries/ttywrite.o
                0x81005e90                ttywrite
 .text          0x81005edc      0x134 binaries/mount.o
                0x81005edc                namlen
                0x81005f30                mount
 .text          0x81006010      0x1c4 binaries/naminit.o
                0x81006010                naminit
 .text          0x810061d4      0x240 binaries/nammap.o
                0x810061d4                namrepl
                0x8100630c                namcpy
                0x81006368                nammap
 .text          0x81006414       0x40 binaries/namopen.o
                0x81006414                namopen
 .text          0x81006454      0x114 binaries/colon2mac.o
                0x81006454                colon2mac
 .text          0x81006568       0x40 binaries/ethcontrol.o
                0x81006568                ethcontrol
 .text          0x810065a8      0x178 binaries/ethhandler.o
                0x810065a8                ethhandler
 .text          0x81006720      0x734 binaries/ethinit.o
                0x81006720                eth_phy_read
                0x81006790                eth_phy_write
                0x810067e8                eth_phy_reset
                0x81006958                ethinit
 .text          0x81006e54       0xd8 binaries/ethread.o
                0x81006e54                ethread
 .text          0x81006f2c       0xf0 binaries/ethwrite.o
                0x81006f2c                ethwrite
 .text          0x8100701c      0x104 binaries/dot2ip.o
                0x8100701c                dot2ip
 .text          0x81007120      0x25c binaries/icmp.o
                0x81007120                icmp_send
                0x8100721c                icmp_cksum
                0x810072e8                icmp_in
 .text          0x8100737c      0x710 binaries/ip.o
                0x8100737c                ip_in_ext
                0x81007464                ip_route
                0x81007634                ip_hton
                0x8100765c                ip_send
                0x810078a8                ip_ntoh
                0x810078d0                ip_in
                0x81007a34                ip_printaddr
 .text          0x81007a8c      0xdb4 binaries/nd.o
                0x81007a8c                nd_init
                0x81007b18                nd_newipucast
                0x81007bb4                nd_ncfind
                0x81007c14                nd_ncupdate
                0x81007cd4                nd_ncnew
                0x81007de8                nd_in_ns
                0x810080d4                nd_in_na
                0x810083c4                nd_in
                0x810083f0                nd_send_ns
                0x81008528                nd_timer
                0x81008744                nd_resolve
 .text          0x81008840      0x358 binaries/net.o
                0x81008840                rawin
                0x81008958                net_init
                0x81008a48                eth_hton
                0x81008a70                eth_ntoh
                0x81008a98                netin
 .text          0x81008b98      0x2a4 binaries/netiface.o
                0x81008b98                netiface_init
 .text          0x81008e3c        0x0 binaries/xinube_macs.o
 .text          0x81008e3c      0x120 binaries/addargs.o
                0x81008e3c                addargs
 .text          0x81008f5c      0x2b4 binaries/lexan.o
                0x81008f5c                lexan
 .text          0x81009210      0x6ac binaries/shell.o
                0x81009210                shell
 .text          0x810098bc       0x64 binaries/xsh_argecho.o
                0x810098bc                xsh_argecho
 .text          0x81009920      0x23c binaries/xsh_cat.o
                0x81009920                xsh_cat
 .text          0x81009b5c       0x5c binaries/xsh_clear.o
                0x81009b5c                xsh_clear
 .text          0x81009bb8       0x98 binaries/xsh_devdump.o
                0x81009bb8                xsh_devdump
 .text          0x81009c50       0x68 binaries/xsh_echo.o
                0x81009c50                xsh_echo
 .text          0x81009cb8        0x8 binaries/xsh_exit.o
                0x81009cb8                xsh_exit
 .text          0x81009cc0      0x3d0 binaries/xsh_help.o
                0x81009cc0                xsh_help
 .text          0x8100a090      0x1f8 binaries/xsh_kill.o
                0x8100a090                xsh_kill
 .text          0x8100a288      0x2ac binaries/xsh_led.o
                0x8100a288                xsh_led
 .text          0x8100a534      0x454 binaries/xsh_memdump.o
                0x8100a630                xsh_memdump
 .text          0x8100a988      0x224 binaries/xsh_memstat.o
                0x8100a988                xsh_memstat
 .text          0x8100abac      0x220 binaries/xsh_ps.o
                0x8100abac                xsh_ps
 .text          0x8100adcc      0x1cc binaries/xsh_sleep.o
                0x8100adcc                xsh_sleep
 .text          0x8100af98      0x1ac binaries/xsh_uptime.o
                0x8100af98                xsh_uptime
 .text          0x8100b144      0x294 binaries/amsg_handler.o
                0x8100b144                amsg_handler
 .text          0x8100b3d8       0x80 binaries/print_info.o
                0x8100b3d8                print_info
 .text          0x8100b458       0x8c binaries/srbit.o
                0x8100b458                mkaddr
                0x8100b47c                srbit
 .text          0x8100b4e4       0xa8 binaries/wsjoin.o
                0x8100b4e4                wsnode_join
 .text          0x8100b58c       0x6c binaries/wsnode.o
                0x8100b58c                process_typb
                0x8100b598                wsnodeapp
                0x8100b59c                create_etherPkt
 .text          0x8100b5f8       0xa8 binaries/wssend_ack.o
                0x8100b5f8                wsnode_sendack
 .text          0x8100b6a0       0x2c binaries/ctxsw.o
                0x8100b6a0                ctxsw
 .text          0x8100b6cc      0x100 binaries/intr.o
                0x8100b6cc                disable
                0x8100b6d8                restore
                0x8100b6fc                enable
                0x8100b704                pause
                0x8100b704                halt
                0x8100b70c                irq_except
                0x8100b73c                initevec
                0x8100b79c                expjmpinstr
 .text          0x8100b7cc      0x114 ../cross_compiler/lib/gcc/arm-none-eabi/4.8.1//libgcc.a(_udivsi3.o)
                0x8100b7cc                __udivsi3
                0x8100b7cc                __aeabi_uidiv
                0x8100b8c0                __aeabi_uidivmod
 .text          0x8100b8e0      0x148 ../cross_compiler/lib/gcc/arm-none-eabi/4.8.1//libgcc.a(_divsi3.o)
                0x8100b8e0                __aeabi_idiv
                0x8100b8e0                __divsi3
                0x8100ba08                __aeabi_idivmod
 .text          0x8100ba28        0x4 ../cross_compiler/lib/gcc/arm-none-eabi/4.8.1//libgcc.a(_dvmd_tls.o)
                0x8100ba28                __aeabi_ldiv0
                0x8100ba28                __aeabi_idiv0
 .text          0x8100ba2c      0x41c ../cross_compiler/lib/gcc/arm-none-eabi/4.8.1//libgcc.a(_arm_addsubdf3.o)
                0x8100ba2c                __aeabi_drsub
                0x8100ba34                __aeabi_dsub
                0x8100ba34                __subdf3
                0x8100ba38                __adddf3
                0x8100ba38                __aeabi_dadd
                0x8100bd48                __aeabi_ui2d
                0x8100bd48                __floatunsidf
                0x8100bd6c                __floatsidf
                0x8100bd6c                __aeabi_i2d
                0x8100bd94                __extendsfdf2
                0x8100bd94                __aeabi_f2d
                0x8100bdd4                __aeabi_ul2d
                0x8100bdd4                __floatundidf
                0x8100bde8                __floatdidf
                0x8100bde8                __aeabi_l2d
 .text          0x8100be48      0x49c ../cross_compiler/lib/gcc/arm-none-eabi/4.8.1//libgcc.a(_arm_muldivdf3.o)
                0x8100be48                __aeabi_dmul
                0x8100be48                __muldf3
                0x8100c0d8                __aeabi_ddiv
                0x8100c0d8                __divdf3
 .text          0x8100c2e4       0xa0 ../cross_compiler/lib/gcc/arm-none-eabi/4.8.1//libgcc.a(_arm_truncdfsf2.o)
                0x8100c2e4                __aeabi_d2f
                0x8100c2e4                __truncdfsf2
 .text          0x8100c384       0x5c ../cross_compiler/lib/gcc/arm-none-eabi/4.8.1//libgcc.a(_arm_fixsfsi.o)
                0x8100c384                __fixsfsi
                0x8100c384                __aeabi_f2iz
 *(.rodata .rodata.*)
 .rodata.str1.4
                0x8100c3e0       0x78 binaries/ascdate.o
 .rodata.str1.4
                0x8100c458       0x22 binaries/conf.o
                                 0x24 (size before relaxing)
 *fill*         0x8100c47a        0x2 
 .rodata.str1.4
                0x8100c47c      0x13c binaries/initialize.o
                                0x140 (size before relaxing)
 .rodata.str1.4
                0x8100c5b8       0x15 binaries/main.o
                                 0x18 (size before relaxing)
 *fill*         0x8100c5cd        0x3 
 .rodata.str1.4
                0x8100c5d0       0x10 binaries/panic.o
 .rodata.str1.4
                0x8100c5e0       0x1c binaries/ptinit.o
 .rodata.str1.4
                0x8100c5fc       0x25 binaries/ptsend.o
                                 0x28 (size before relaxing)
 *fill*         0x8100c621        0x3 
 .rodata.str1.4
                0x8100c624       0x27 binaries/xdone.o
                                 0x28 (size before relaxing)
 *fill*         0x8100c64b        0x1 
 .rodata        0x8100c64c       0x84 binaries/ctype_.o
                0x8100c64c                _ctype_
 .rodata.str1.4
                0x8100c6d0       0x2f binaries/doprnt.o
                                 0x30 (size before relaxing)
 .rodata.str1.4
                0x00000000       0x30 binaries/fdoprnt.o
 *fill*         0x8100c6ff        0x1 
 .rodata.str1.4
                0x8100c700       0x86 binaries/naminit.o
                                 0x90 (size before relaxing)
 *fill*         0x8100c786        0x2 
 .rodata.str1.4
                0x8100c788       0xe5 binaries/ethinit.o
                                 0xe8 (size before relaxing)
 *fill*         0x8100c86d        0x3 
 .rodata.str1.4
                0x8100c870       0x12 binaries/ethread.o
                                 0x14 (size before relaxing)
 *fill*         0x8100c882        0x2 
 .rodata.str1.4
                0x8100c884       0x75 binaries/ip.o
                                 0x78 (size before relaxing)
 *fill*         0x8100c8f9        0x3 
 .rodata.str1.4
                0x8100c8fc       0x21 binaries/nd.o
                                 0x24 (size before relaxing)
 *fill*         0x8100c91d        0x3 
 .rodata.str1.4
                0x8100c920       0xb3 binaries/net.o
                                 0xb4 (size before relaxing)
 *fill*         0x8100c9d3        0x1 
 .rodata.str1.4
                0x8100c9d4       0x85 binaries/netiface.o
                                 0x90 (size before relaxing)
 *fill*         0x8100ca59        0x3 
 .rodata        0x8100ca5c       0xa8 binaries/shell.o
                0x8100ca5c                cmdtab
 .rodata.str1.4
                0x8100cb04      0x2b6 binaries/shell.o
                                0x2c0 (size before relaxing)
 *fill*         0x8100cdba        0x2 
 .rodata.str1.4
                0x8100cdbc       0x29 binaries/xsh_argecho.o
                                 0x30 (size before relaxing)
 *fill*         0x8100cde5        0x3 
 .rodata.str1.4
                0x8100cde8       0xcd binaries/xsh_cat.o
                                 0xd4 (size before relaxing)
 *fill*         0x8100ceb5        0x3 
 .rodata.str1.4
                0x8100ceb8       0x15 binaries/xsh_clear.o
                                 0x18 (size before relaxing)
 *fill*         0x8100cecd        0x3 
 .rodata.str1.4
                0x8100ced0       0x61 binaries/xsh_devdump.o
                                 0x64 (size before relaxing)
 *fill*         0x8100cf31        0x3 
 .rodata.str1.4
                0x8100cf34        0x8 binaries/xsh_echo.o
                                  0xc (size before relaxing)
 .rodata.str1.4
                0x8100cf3c      0x14b binaries/xsh_help.o
                                0x17c (size before relaxing)
 *fill*         0x8100d087        0x1 
 .rodata.str1.4
                0x8100d088       0xc8 binaries/xsh_kill.o
                                0x138 (size before relaxing)
 .rodata.str1.4
                0x8100d150       0xf7 binaries/xsh_led.o
                                0x16c (size before relaxing)
 *fill*         0x8100d247        0x1 
 .rodata.str1.4
                0x8100d248      0x1ee binaries/xsh_memdump.o
                                0x264 (size before relaxing)
 *fill*         0x8100d436        0x2 
 .rodata.str1.4
                0x8100d438      0x1cc binaries/xsh_memstat.o
                                0x234 (size before relaxing)
 .rodata        0x8100d604       0x20 binaries/xsh_ps.o
 .rodata.str1.4
                0x8100d624      0x12a binaries/xsh_ps.o
                                0x1d4 (size before relaxing)
 *fill*         0x8100d74e        0x2 
 .rodata.str1.4
                0x8100d750       0x5e binaries/xsh_sleep.o
                                 0xf8 (size before relaxing)
 *fill*         0x8100d7ae        0x2 
 .rodata.str1.4
                0x8100d7b0       0x77 binaries/xsh_uptime.o
                                0x114 (size before relaxing)
 *fill*         0x8100d827        0x1 
 .rodata.str1.4
                0x8100d828      0x122 binaries/amsg_handler.o
                                0x128 (size before relaxing)
 *fill*         0x8100d94a        0x2 
 .rodata.str1.4
                0x8100d94c       0x10 binaries/print_info.o
                                 0x14 (size before relaxing)
                0x8100d95c                etext = ABSOLUTE (.)
                0x8100e000                . = ALIGN (0x1000)
 *fill*         0x8100d95c      0x6a4 

.glue_7         0x8100e000        0x0
 .glue_7        0x00000000        0x0 linker stubs

.glue_7t        0x8100e000        0x0
 .glue_7t       0x00000000        0x0 linker stubs

.vfp11_veneer   0x8100e000        0x0
 .vfp11_veneer  0x00000000        0x0 linker stubs

.v4_bx          0x8100e000        0x0
 .v4_bx         0x00000000        0x0 linker stubs

.iplt           0x8100e000        0x0
 .iplt          0x00000000        0x0 binaries/start.o

.rel.dyn        0x8100e000        0x0
 .rel.iplt      0x00000000        0x0 binaries/start.o

.data           0x8100e000     0x1000
                0x8100e000                data = ABSOLUTE (.)
 *(.data .data.*)
 .data          0x8100e000        0x0 binaries/start.o
 .data          0x8100e000       0x88 binaries/ascdate.o
                0x8100e000                Date
 .data          0x8100e088        0x0 binaries/bufinit.o
 .data          0x8100e088        0x0 binaries/chprio.o
 .data          0x8100e088        0x4 binaries/clkhandler.o
 .data          0x8100e08c        0x0 binaries/clkinit.o
 .data          0x8100e08c        0x0 binaries/close.o
 .data          0x8100e08c       0xf0 binaries/conf.o
                0x8100e08c                devtab
 .data          0x8100e17c        0x0 binaries/control.o
 .data          0x8100e17c        0x4 binaries/create.o
 .data          0x8100e180       0x40 binaries/evec.o
                0x8100e180                expmsg2
                0x8100e194                expmsg1
 .data          0x8100e1c0        0x0 binaries/exit.o
 .data          0x8100e1c0        0x0 binaries/freebuf.o
 .data          0x8100e1c0        0x0 binaries/freemem.o
 .data          0x8100e1c0        0x0 binaries/getbuf.o
 .data          0x8100e1c0        0x0 binaries/getc.o
 .data          0x8100e1c0        0x0 binaries/getdev.o
 .data          0x8100e1c0        0x0 binaries/getitem.o
 .data          0x8100e1c0        0x0 binaries/getmem.o
 .data          0x8100e1c0        0x0 binaries/getpid.o
 .data          0x8100e1c0        0x0 binaries/getprio.o
 .data          0x8100e1c0        0x0 binaries/getstk.o
 .data          0x8100e1c0        0x0 binaries/init.o
 .data          0x8100e1c0        0x0 binaries/initialize.o
 .data          0x8100e1c0        0x0 binaries/insert.o
 .data          0x8100e1c0        0x0 binaries/insertd.o
 .data          0x8100e1c0        0x0 binaries/ioerr.o
 .data          0x8100e1c0        0x0 binaries/ionull.o
 .data          0x8100e1c0        0x0 binaries/kill.o
 .data          0x8100e1c0        0x0 binaries/kprintf.o
 .data          0x8100e1c0        0x4 binaries/main.o
                0x8100e1c0                gcounter
 .data          0x8100e1c4        0x0 binaries/mark.o
 .data          0x8100e1c4        0x0 binaries/meminit.o
 .data          0x8100e1c4        0x0 binaries/mkbufpool.o
 .data          0x8100e1c4        0x2 binaries/newqueue.o
 .data          0x8100e1c6        0x0 binaries/open.o
 .data          0x8100e1c6        0x0 binaries/panic.o
 .data          0x8100e1c6        0x0 binaries/platinit.o
 .data          0x8100e1c6        0x0 binaries/ptclear.o
 .data          0x8100e1c6        0x0 binaries/ptcount.o
 .data          0x8100e1c6        0x0 binaries/ptcreate.o
 .data          0x8100e1c6        0x0 binaries/ptdelete.o
 .data          0x8100e1c6        0x0 binaries/ptinit.o
 .data          0x8100e1c6        0x0 binaries/ptrecv.o
 .data          0x8100e1c6        0x0 binaries/ptreset.o
 .data          0x8100e1c6        0x0 binaries/ptsend.o
 .data          0x8100e1c6        0x0 binaries/putc.o
 .data          0x8100e1c6        0x0 binaries/queue.o
 .data          0x8100e1c6        0x0 binaries/read.o
 .data          0x8100e1c6        0x0 binaries/ready.o
 .data          0x8100e1c6        0x0 binaries/receive.o
 .data          0x8100e1c6        0x0 binaries/recvclr.o
 .data          0x8100e1c6        0x0 binaries/recvtime.o
 .data          0x8100e1c6        0x0 binaries/resched.o
 .data          0x8100e1c6        0x0 binaries/resume.o
 .data          0x8100e1c6        0x0 binaries/seek.o
 .data          0x8100e1c6        0x0 binaries/semcount.o
 .data          0x8100e1c6        0x0 binaries/semcreate.o
 .data          0x8100e1c6        0x0 binaries/semdelete.o
 .data          0x8100e1c6        0x0 binaries/semreset.o
 .data          0x8100e1c6        0x0 binaries/send.o
 .data          0x8100e1c6        0x0 binaries/signal.o
 .data          0x8100e1c6        0x0 binaries/signaln.o
 .data          0x8100e1c6        0x0 binaries/sleep.o
 .data          0x8100e1c6        0x0 binaries/suspend.o
 .data          0x8100e1c6        0x0 binaries/unsleep.o
 .data          0x8100e1c6        0x0 binaries/userret.o
 .data          0x8100e1c6        0x0 binaries/wait.o
 .data          0x8100e1c6        0x0 binaries/wakeup.o
 .data          0x8100e1c6        0x0 binaries/write.o
 .data          0x8100e1c6        0x0 binaries/xdone.o
 .data          0x8100e1c6        0x0 binaries/yield.o
 .data          0x8100e1c6        0x0 binaries/abs.o
 .data          0x8100e1c6        0x0 binaries/atoi.o
 .data          0x8100e1c6        0x0 binaries/atol.o
 .data          0x8100e1c6        0x0 binaries/bzero.o
 .data          0x8100e1c6        0x0 binaries/ctype_.o
 .data          0x8100e1c6        0x0 binaries/doprnt.o
 *fill*         0x8100e1c6        0x2 
 .data          0x8100e1c8       0x80 binaries/doscan.o
                0x8100e1c8                _sctab
 .data          0x8100e248        0x0 binaries/fdoprnt.o
 .data          0x8100e248        0x0 binaries/fgetc.o
 .data          0x8100e248        0x0 binaries/fgets.o
 .data          0x8100e248        0x0 binaries/fprintf.o
 .data          0x8100e248        0x0 binaries/fputc.o
 .data          0x8100e248        0x0 binaries/fputs.o
 .data          0x8100e248        0x0 binaries/fscanf.o
 .data          0x8100e248        0x0 binaries/getchar.o
 .data          0x8100e248        0x0 binaries/labs.o
 .data          0x8100e248        0x0 binaries/memchr.o
 .data          0x8100e248        0x0 binaries/memcmp.o
 .data          0x8100e248        0x0 binaries/memcpy.o
 .data          0x8100e248        0x0 binaries/memset.o
 .data          0x8100e248        0x0 binaries/printf.o
 .data          0x8100e248        0x0 binaries/putchar.o
 .data          0x8100e248        0x0 binaries/qsort.o
 .data          0x8100e248        0x4 binaries/rand.o
 .data          0x8100e24c        0x0 binaries/sprintf.o
 .data          0x8100e24c        0x0 binaries/sscanf.o
 .data          0x8100e24c        0x0 binaries/strchr.o
 .data          0x8100e24c        0x0 binaries/strcmp.o
 .data          0x8100e24c        0x0 binaries/strcpy.o
 .data          0x8100e24c        0x0 binaries/strlen.o
 .data          0x8100e24c        0x0 binaries/strncat.o
 .data          0x8100e24c        0x0 binaries/strncmp.o
 .data          0x8100e24c        0x0 binaries/strncpy.o
 .data          0x8100e24c        0x0 binaries/strnlen.o
 .data          0x8100e24c        0x0 binaries/strrchr.o
 .data          0x8100e24c        0x0 binaries/strstr.o
 .data          0x8100e24c        0x0 binaries/ttycontrol.o
 .data          0x8100e24c        0x0 binaries/ttygetc.o
 .data          0x8100e24c        0x0 binaries/ttyhandle_in.o
 .data          0x8100e24c        0x0 binaries/ttyhandle_out.o
 .data          0x8100e24c        0x0 binaries/ttyhandler.o
 .data          0x8100e24c        0x0 binaries/ttyinit.o
 .data          0x8100e24c        0x0 binaries/ttykickout.o
 .data          0x8100e24c        0x0 binaries/ttyputc.o
 .data          0x8100e24c        0x0 binaries/ttyread.o
 .data          0x8100e24c        0x0 binaries/ttywrite.o
 .data          0x8100e24c        0x0 binaries/mount.o
 .data          0x8100e24c        0x0 binaries/naminit.o
 .data          0x8100e24c        0x0 binaries/nammap.o
 .data          0x8100e24c        0x0 binaries/namopen.o
 .data          0x8100e24c        0x0 binaries/colon2mac.o
 .data          0x8100e24c        0x0 binaries/ethcontrol.o
 .data          0x8100e24c        0x0 binaries/ethhandler.o
 .data          0x8100e24c        0x0 binaries/ethinit.o
 .data          0x8100e24c        0x0 binaries/ethread.o
 .data          0x8100e24c        0x0 binaries/ethwrite.o
 .data          0x8100e24c        0x0 binaries/dot2ip.o
 .data          0x8100e24c        0x0 binaries/icmp.o
 .data          0x8100e24c       0x30 binaries/ip.o
                0x8100e24c                ip_llprefix
                0x8100e25c                ip_allnodesmc
                0x8100e26c                ip_nd_snmcprefix
 .data          0x8100e27c        0x0 binaries/nd.o
 .data          0x8100e27c        0x0 binaries/net.o
 .data          0x8100e27c        0x0 binaries/netiface.o
 .data          0x8100e27c      0x240 binaries/xinube_macs.o
                0x8100e27c                xinube_macs
 .data          0x8100e4bc        0x0 binaries/addargs.o
 .data          0x8100e4bc        0x0 binaries/lexan.o
 .data          0x8100e4bc        0x4 binaries/shell.o
                0x8100e4bc                ncmd
 .data          0x8100e4c0        0x0 binaries/xsh_argecho.o
 .data          0x8100e4c0        0x0 binaries/xsh_cat.o
 .data          0x8100e4c0        0x0 binaries/xsh_clear.o
 .data          0x8100e4c0        0x0 binaries/xsh_devdump.o
 .data          0x8100e4c0        0x0 binaries/xsh_echo.o
 .data          0x8100e4c0        0x0 binaries/xsh_exit.o
 .data          0x8100e4c0        0x0 binaries/xsh_help.o
 .data          0x8100e4c0        0x0 binaries/xsh_kill.o
 .data          0x8100e4c0        0x0 binaries/xsh_led.o
 .data          0x8100e4c0        0x0 binaries/xsh_memdump.o
 .data          0x8100e4c0        0x0 binaries/xsh_memstat.o
 .data          0x8100e4c0        0x0 binaries/xsh_ps.o
 .data          0x8100e4c0        0x0 binaries/xsh_sleep.o
 .data          0x8100e4c0        0x0 binaries/xsh_uptime.o
 .data          0x8100e4c0        0x0 binaries/amsg_handler.o
 .data          0x8100e4c0        0x0 binaries/print_info.o
 .data          0x8100e4c0        0x0 binaries/srbit.o
 .data          0x8100e4c0        0x0 binaries/wsjoin.o
 .data          0x8100e4c0        0x4 binaries/wsnode.o
                0x8100e4c0                xon
 .data          0x8100e4c4        0x0 binaries/wssend_ack.o
 .data          0x8100e4c4        0x0 binaries/ctxsw.o
 .data          0x8100e4c4        0x0 binaries/intr.o
 .data          0x8100e4c4        0x0 ../cross_compiler/lib/gcc/arm-none-eabi/4.8.1//libgcc.a(_udivsi3.o)
 .data          0x8100e4c4        0x0 ../cross_compiler/lib/gcc/arm-none-eabi/4.8.1//libgcc.a(_divsi3.o)
 .data          0x8100e4c4        0x0 ../cross_compiler/lib/gcc/arm-none-eabi/4.8.1//libgcc.a(_dvmd_tls.o)
 .data          0x8100e4c4        0x0 ../cross_compiler/lib/gcc/arm-none-eabi/4.8.1//libgcc.a(_arm_addsubdf3.o)
 .data          0x8100e4c4        0x0 ../cross_compiler/lib/gcc/arm-none-eabi/4.8.1//libgcc.a(_arm_muldivdf3.o)
 .data          0x8100e4c4        0x0 ../cross_compiler/lib/gcc/arm-none-eabi/4.8.1//libgcc.a(_arm_truncdfsf2.o)
 .data          0x8100e4c4        0x0 ../cross_compiler/lib/gcc/arm-none-eabi/4.8.1//libgcc.a(_arm_fixsfsi.o)
                0x8100e4c4                edata = ABSOLUTE (.)
                0x8100f000                . = ALIGN (0x1000)
 *fill*         0x8100e4c4      0xb3c 

.igot.plt       0x8100f000        0x0
 .igot.plt      0x00000000        0x0 binaries/start.o

.bss            0x8100f000     0x5000
                0x8100f000                bss = ABSOLUTE (.)
 *(.bss .bss.*)
 .bss           0x8100f000        0x0 binaries/start.o
 .bss           0x8100f000        0x0 binaries/ascdate.o
 .bss           0x8100f000        0x0 binaries/bufinit.o
 .bss           0x8100f000        0x0 binaries/chprio.o
 .bss           0x8100f000        0x0 binaries/clkhandler.o
 .bss           0x8100f000        0x4 binaries/clkinit.o
                0x8100f000                ctr1000
 .bss           0x8100f004        0x0 binaries/close.o
 .bss           0x8100f004        0x0 binaries/conf.o
 .bss           0x8100f004        0x0 binaries/control.o
 .bss           0x8100f004        0x0 binaries/create.o
 .bss           0x8100f004        0x0 binaries/evec.o
 .bss           0x8100f004        0x0 binaries/exit.o
 .bss           0x8100f004        0x0 binaries/freebuf.o
 .bss           0x8100f004        0x0 binaries/freemem.o
 .bss           0x8100f004        0x0 binaries/getbuf.o
 .bss           0x8100f004        0x0 binaries/getc.o
 .bss           0x8100f004        0x0 binaries/getdev.o
 .bss           0x8100f004        0x0 binaries/getitem.o
 .bss           0x8100f004        0x0 binaries/getmem.o
 .bss           0x8100f004        0x0 binaries/getpid.o
 .bss           0x8100f004        0x0 binaries/getprio.o
 .bss           0x8100f004        0x0 binaries/getstk.o
 .bss           0x8100f004        0x0 binaries/init.o
 .bss           0x8100f004        0x0 binaries/initialize.o
 .bss           0x8100f004        0x0 binaries/insert.o
 .bss           0x8100f004        0x0 binaries/insertd.o
 .bss           0x8100f004        0x0 binaries/ioerr.o
 .bss           0x8100f004        0x0 binaries/ionull.o
 .bss           0x8100f004        0x0 binaries/kill.o
 .bss           0x8100f004        0x0 binaries/kprintf.o
 .bss           0x8100f004        0x0 binaries/main.o
 .bss           0x8100f004        0x0 binaries/mark.o
 .bss           0x8100f004        0x0 binaries/meminit.o
 .bss           0x8100f004        0x0 binaries/mkbufpool.o
 .bss           0x8100f004        0x0 binaries/newqueue.o
 .bss           0x8100f004        0x0 binaries/open.o
 .bss           0x8100f004        0x0 binaries/panic.o
 .bss           0x8100f004        0x0 binaries/platinit.o
 .bss           0x8100f004        0x0 binaries/ptclear.o
 .bss           0x8100f004        0x0 binaries/ptcount.o
 .bss           0x8100f004        0x0 binaries/ptcreate.o
 .bss           0x8100f004        0x0 binaries/ptdelete.o
 .bss           0x8100f004        0x0 binaries/ptinit.o
 .bss           0x8100f004        0x0 binaries/ptrecv.o
 .bss           0x8100f004        0x0 binaries/ptreset.o
 .bss           0x8100f004        0x0 binaries/ptsend.o
 .bss           0x8100f004        0x0 binaries/putc.o
 .bss           0x8100f004        0x0 binaries/queue.o
 .bss           0x8100f004        0x0 binaries/read.o
 .bss           0x8100f004        0x0 binaries/ready.o
 .bss           0x8100f004        0x0 binaries/receive.o
 .bss           0x8100f004        0x0 binaries/recvclr.o
 .bss           0x8100f004        0x0 binaries/recvtime.o
 .bss           0x8100f004        0x0 binaries/resched.o
 .bss           0x8100f004        0x0 binaries/resume.o
 .bss           0x8100f004        0x0 binaries/seek.o
 .bss           0x8100f004        0x0 binaries/semcount.o
 .bss           0x8100f004        0x4 binaries/semcreate.o
 .bss           0x8100f008        0x0 binaries/semdelete.o
 .bss           0x8100f008        0x0 binaries/semreset.o
 .bss           0x8100f008        0x0 binaries/send.o
 .bss           0x8100f008        0x0 binaries/signal.o
 .bss           0x8100f008        0x0 binaries/signaln.o
 .bss           0x8100f008        0x0 binaries/sleep.o
 .bss           0x8100f008        0x0 binaries/suspend.o
 .bss           0x8100f008        0x0 binaries/unsleep.o
 .bss           0x8100f008        0x0 binaries/userret.o
 .bss           0x8100f008        0x0 binaries/wait.o
 .bss           0x8100f008        0x0 binaries/wakeup.o
 .bss           0x8100f008        0x0 binaries/write.o
 .bss           0x8100f008        0x0 binaries/xdone.o
 .bss           0x8100f008        0x0 binaries/yield.o
 .bss           0x8100f008        0x0 binaries/abs.o
 .bss           0x8100f008        0x0 binaries/atoi.o
 .bss           0x8100f008        0x0 binaries/atol.o
 .bss           0x8100f008        0x0 binaries/bzero.o
 .bss           0x8100f008        0x0 binaries/ctype_.o
 .bss           0x8100f008        0x0 binaries/doprnt.o
 .bss           0x8100f008        0x0 binaries/doscan.o
 .bss           0x8100f008        0x0 binaries/fdoprnt.o
 .bss           0x8100f008        0x0 binaries/fgetc.o
 .bss           0x8100f008        0x0 binaries/fgets.o
 .bss           0x8100f008        0x0 binaries/fprintf.o
 .bss           0x8100f008        0x0 binaries/fputc.o
 .bss           0x8100f008        0x0 binaries/fputs.o
 .bss           0x8100f008        0x0 binaries/fscanf.o
 .bss           0x8100f008        0x0 binaries/getchar.o
 .bss           0x8100f008        0x0 binaries/labs.o
 .bss           0x8100f008        0x0 binaries/memchr.o
 .bss           0x8100f008        0x0 binaries/memcmp.o
 .bss           0x8100f008        0x0 binaries/memcpy.o
 .bss           0x8100f008        0x0 binaries/memset.o
 .bss           0x8100f008        0x0 binaries/printf.o
 .bss           0x8100f008        0x0 binaries/putchar.o
 .bss           0x8100f008        0x8 binaries/qsort.o
 .bss           0x8100f010        0x0 binaries/rand.o
 .bss           0x8100f010        0x0 binaries/sprintf.o
 .bss           0x8100f010        0x0 binaries/sscanf.o
 .bss           0x8100f010        0x0 binaries/strchr.o
 .bss           0x8100f010        0x0 binaries/strcmp.o
 .bss           0x8100f010        0x0 binaries/strcpy.o
 .bss           0x8100f010        0x0 binaries/strlen.o
 .bss           0x8100f010        0x0 binaries/strncat.o
 .bss           0x8100f010        0x0 binaries/strncmp.o
 .bss           0x8100f010        0x0 binaries/strncpy.o
 .bss           0x8100f010        0x0 binaries/strnlen.o
 .bss           0x8100f010        0x0 binaries/strrchr.o
 .bss           0x8100f010        0x0 binaries/strstr.o
 .bss           0x8100f010        0x0 binaries/ttycontrol.o
 .bss           0x8100f010        0x0 binaries/ttygetc.o
 .bss           0x8100f010        0x0 binaries/ttyhandle_in.o
 .bss           0x8100f010        0x0 binaries/ttyhandle_out.o
 .bss           0x8100f010        0x0 binaries/ttyhandler.o
 .bss           0x8100f010        0x0 binaries/ttyinit.o
 .bss           0x8100f010        0x0 binaries/ttykickout.o
 .bss           0x8100f010        0x0 binaries/ttyputc.o
 .bss           0x8100f010        0x0 binaries/ttyread.o
 .bss           0x8100f010        0x0 binaries/ttywrite.o
 .bss           0x8100f010        0x0 binaries/mount.o
 .bss           0x8100f010        0x0 binaries/naminit.o
 .bss           0x8100f010        0x0 binaries/nammap.o
 .bss           0x8100f010        0x0 binaries/namopen.o
 .bss           0x8100f010        0x0 binaries/colon2mac.o
 .bss           0x8100f010        0x0 binaries/ethcontrol.o
 .bss           0x8100f010        0x0 binaries/ethhandler.o
 .bss           0x8100f010        0x0 binaries/ethinit.o
 .bss           0x8100f010        0x0 binaries/ethread.o
 .bss           0x8100f010        0x0 binaries/ethwrite.o
 .bss           0x8100f010        0x0 binaries/dot2ip.o
 .bss           0x8100f010        0x0 binaries/icmp.o
 .bss           0x8100f010       0x10 binaries/ip.o
                0x8100f010                ip_unspec
 .bss           0x8100f020        0x0 binaries/nd.o
 .bss           0x8100f020        0x0 binaries/net.o
 .bss           0x8100f020        0x0 binaries/netiface.o
 .bss           0x8100f020        0x0 binaries/xinube_macs.o
 .bss           0x8100f020        0x0 binaries/addargs.o
 .bss           0x8100f020        0x0 binaries/lexan.o
 .bss           0x8100f020        0x0 binaries/shell.o
 .bss           0x8100f020        0x0 binaries/xsh_argecho.o
 .bss           0x8100f020        0x0 binaries/xsh_cat.o
 .bss           0x8100f020        0x0 binaries/xsh_clear.o
 .bss           0x8100f020        0x0 binaries/xsh_devdump.o
 .bss           0x8100f020        0x0 binaries/xsh_echo.o
 .bss           0x8100f020        0x0 binaries/xsh_exit.o
 .bss           0x8100f020        0x0 binaries/xsh_help.o
 .bss           0x8100f020        0x0 binaries/xsh_kill.o
 .bss           0x8100f020        0x0 binaries/xsh_led.o
 .bss           0x8100f020        0x0 binaries/xsh_memdump.o
 .bss           0x8100f020        0x0 binaries/xsh_memstat.o
 .bss           0x8100f020        0x0 binaries/xsh_ps.o
 .bss           0x8100f020        0x0 binaries/xsh_sleep.o
 .bss           0x8100f020        0x0 binaries/xsh_uptime.o
 .bss           0x8100f020        0x0 binaries/amsg_handler.o
 .bss           0x8100f020        0x0 binaries/print_info.o
 .bss           0x8100f020        0x0 binaries/srbit.o
 .bss           0x8100f020        0x0 binaries/wsjoin.o
 .bss           0x8100f020        0x0 binaries/wsnode.o
 .bss           0x8100f020        0x0 binaries/wssend_ack.o
 .bss           0x8100f020        0x0 binaries/ctxsw.o
 .bss           0x8100f020        0x0 binaries/intr.o
 .bss           0x8100f020        0x0 ../cross_compiler/lib/gcc/arm-none-eabi/4.8.1//libgcc.a(_udivsi3.o)
 .bss           0x8100f020        0x0 ../cross_compiler/lib/gcc/arm-none-eabi/4.8.1//libgcc.a(_divsi3.o)
 .bss           0x8100f020        0x0 ../cross_compiler/lib/gcc/arm-none-eabi/4.8.1//libgcc.a(_dvmd_tls.o)
 .bss           0x8100f020        0x0 ../cross_compiler/lib/gcc/arm-none-eabi/4.8.1//libgcc.a(_arm_addsubdf3.o)
 .bss           0x8100f020        0x0 ../cross_compiler/lib/gcc/arm-none-eabi/4.8.1//libgcc.a(_arm_muldivdf3.o)
 .bss           0x8100f020        0x0 ../cross_compiler/lib/gcc/arm-none-eabi/4.8.1//libgcc.a(_arm_truncdfsf2.o)
 .bss           0x8100f020        0x0 ../cross_compiler/lib/gcc/arm-none-eabi/4.8.1//libgcc.a(_arm_fixsfsi.o)
 *(COMMON)
 COMMON         0x8100f020       0xf4 binaries/bufinit.o
                0x8100f020                buftab
                0x8100f110                nbpools
 COMMON         0x8100f114        0xc binaries/clkinit.o
                0x8100f114                sleepq
                0x8100f118                preempt
                0x8100f11c                clktime
 COMMON         0x8100f120      0x200 binaries/evec.o
                0x8100f120                intc_vector
 COMMON         0x8100f320     0x1aa0 binaries/initialize.o
                0x8100f320                currpid
                0x8100f324                proctab
                0x81010904                prcount
                0x81010908                semtab
                0x81010db8                memlist
 COMMON         0x81010dc0        0x4 binaries/main.o
                0x81010dc0                cpudelay
 COMMON         0x81010dc4       0x58 binaries/mark.o
                0x81010dc4                marks
                0x81010e14                nmarks
                0x81010e18                mkmutex
 COMMON         0x81010e1c        0x8 binaries/meminit.o
                0x81010e1c                minheap
                0x81010e20                maxheap
 COMMON         0x81010e24      0x2d8 binaries/ptinit.o
                0x81010e24                porttab
                0x810110f4                ptnextid
                0x810110f8                ptfree
 COMMON         0x810110fc      0x980 binaries/queue.o
                0x810110fc                queuetab
 COMMON         0x81011a7c        0x2 binaries/ready.o
                0x81011a7c                readylist
 *fill*         0x81011a7e        0x2 
 COMMON         0x81011a80        0x8 binaries/resched.o
                0x81011a80                Defer
 COMMON         0x81011a88      0x110 binaries/ttyinit.o
                0x81011a88                ttytab
 COMMON         0x81011b98     0x19a4 binaries/naminit.o
                0x81011b98                nnames
                0x81011b9c                nametab
 COMMON         0x8101353c      0x154 binaries/ethinit.o
                0x8101353c                eth_a_regs
                0x81013558                ethertab
 COMMON         0x81013690      0x1e0 binaries/ip.o
                0x81013690                ip_fwtab
 COMMON         0x81013870      0x2a8 binaries/nd.o
                0x81013870                nd_ncache
 COMMON         0x81013b18       0x2c binaries/net.o
                0x81013b18                netbufpool
                0x81013b1c                NetData
 COMMON         0x81013b44      0x2cc binaries/netiface.o
                0x81013b44                radtab
                0x81013bb8                iftab
 COMMON         0x81013e10       0x10 binaries/wsnode.o
                0x81013e10                info
                0x81013e1c                slot
                0x81013e20                ebss = ABSOLUTE (.)
                0x81014000                . = ALIGN (0x1000)
 *fill*         0x81013e20      0x1e0 
 */()
                0x81014000                end = ABSOLUTE (.)
                0x81014000                _end = ABSOLUTE (.)
                0x81014000                . = ALIGN (0x1000)
LOAD binaries/start.o
LOAD binaries/ascdate.o
LOAD binaries/bufinit.o
LOAD binaries/chprio.o
LOAD binaries/clkhandler.o
LOAD binaries/clkinit.o
LOAD binaries/close.o
LOAD binaries/conf.o
LOAD binaries/control.o
LOAD binaries/create.o
LOAD binaries/evec.o
LOAD binaries/exit.o
LOAD binaries/freebuf.o
LOAD binaries/freemem.o
LOAD binaries/getbuf.o
LOAD binaries/getc.o
LOAD binaries/getdev.o
LOAD binaries/getitem.o
LOAD binaries/getmem.o
LOAD binaries/getpid.o
LOAD binaries/getprio.o
LOAD binaries/getstk.o
LOAD binaries/init.o
LOAD binaries/initialize.o
LOAD binaries/insert.o
LOAD binaries/insertd.o
LOAD binaries/ioerr.o
LOAD binaries/ionull.o
LOAD binaries/kill.o
LOAD binaries/kprintf.o
LOAD binaries/main.o
LOAD binaries/mark.o
LOAD binaries/meminit.o
LOAD binaries/mkbufpool.o
LOAD binaries/newqueue.o
LOAD binaries/open.o
LOAD binaries/panic.o
LOAD binaries/platinit.o
LOAD binaries/ptclear.o
LOAD binaries/ptcount.o
LOAD binaries/ptcreate.o
LOAD binaries/ptdelete.o
LOAD binaries/ptinit.o
LOAD binaries/ptrecv.o
LOAD binaries/ptreset.o
LOAD binaries/ptsend.o
LOAD binaries/putc.o
LOAD binaries/queue.o
LOAD binaries/read.o
LOAD binaries/ready.o
LOAD binaries/receive.o
LOAD binaries/recvclr.o
LOAD binaries/recvtime.o
LOAD binaries/resched.o
LOAD binaries/resume.o
LOAD binaries/seek.o
LOAD binaries/semcount.o
LOAD binaries/semcreate.o
LOAD binaries/semdelete.o
LOAD binaries/semreset.o
LOAD binaries/send.o
LOAD binaries/signal.o
LOAD binaries/signaln.o
LOAD binaries/sleep.o
LOAD binaries/suspend.o
LOAD binaries/unsleep.o
LOAD binaries/userret.o
LOAD binaries/wait.o
LOAD binaries/wakeup.o
LOAD binaries/write.o
LOAD binaries/xdone.o
LOAD binaries/yield.o
LOAD binaries/abs.o
LOAD binaries/atoi.o
LOAD binaries/atol.o
LOAD binaries/bzero.o
LOAD binaries/ctype_.o
LOAD binaries/doprnt.o
LOAD binaries/doscan.o
LOAD binaries/fdoprnt.o
LOAD binaries/fgetc.o
LOAD binaries/fgets.o
LOAD binaries/fprintf.o
LOAD binaries/fputc.o
LOAD binaries/fputs.o
LOAD binaries/fscanf.o
LOAD binaries/getchar.o
LOAD binaries/labs.o
LOAD binaries/memchr.o
LOAD binaries/memcmp.o
LOAD binaries/memcpy.o
LOAD binaries/memset.o
LOAD binaries/printf.o
LOAD binaries/putchar.o
LOAD binaries/qsort.o
LOAD binaries/rand.o
LOAD binaries/sprintf.o
LOAD binaries/sscanf.o
LOAD binaries/strchr.o
LOAD binaries/strcmp.o
LOAD binaries/strcpy.o
LOAD binaries/strlen.o
LOAD binaries/strncat.o
LOAD binaries/strncmp.o
LOAD binaries/strncpy.o
LOAD binaries/strnlen.o
LOAD binaries/strrchr.o
LOAD binaries/strstr.o
LOAD binaries/ttycontrol.o
LOAD binaries/ttygetc.o
LOAD binaries/ttyhandle_in.o
LOAD binaries/ttyhandle_out.o
LOAD binaries/ttyhandler.o
LOAD binaries/ttyinit.o
LOAD binaries/ttykickout.o
LOAD binaries/ttyputc.o
LOAD binaries/ttyread.o
LOAD binaries/ttywrite.o
LOAD binaries/mount.o
LOAD binaries/naminit.o
LOAD binaries/nammap.o
LOAD binaries/namopen.o
LOAD binaries/colon2mac.o
LOAD binaries/ethcontrol.o
LOAD binaries/ethhandler.o
LOAD binaries/ethinit.o
LOAD binaries/ethread.o
LOAD binaries/ethwrite.o
LOAD binaries/dot2ip.o
LOAD binaries/icmp.o
LOAD binaries/ip.o
LOAD binaries/nd.o
LOAD binaries/net.o
LOAD binaries/netiface.o
LOAD binaries/xinube_macs.o
LOAD binaries/addargs.o
LOAD binaries/lexan.o
LOAD binaries/shell.o
LOAD binaries/xsh_argecho.o
LOAD binaries/xsh_cat.o
LOAD binaries/xsh_clear.o
LOAD binaries/xsh_devdump.o
LOAD binaries/xsh_echo.o
LOAD binaries/xsh_exit.o
LOAD binaries/xsh_help.o
LOAD binaries/xsh_kill.o
LOAD binaries/xsh_led.o
LOAD binaries/xsh_memdump.o
LOAD binaries/xsh_memstat.o
LOAD binaries/xsh_ps.o
LOAD binaries/xsh_sleep.o
LOAD binaries/xsh_uptime.o
LOAD binaries/amsg_handler.o
LOAD binaries/print_info.o
LOAD binaries/srbit.o
LOAD binaries/wsjoin.o
LOAD binaries/wsnode.o
LOAD binaries/wssend_ack.o
LOAD binaries/ctxsw.o
LOAD binaries/intr.o
LOAD ../cross_compiler/lib/gcc/arm-none-eabi/4.8.1//libgcc.a
OUTPUT(../compile/xinu elf32-littlearm)

.ARM.attributes
                0x00000000       0x31
 .ARM.attributes
                0x00000000       0x25 binaries/start.o
 .ARM.attributes
                0x00000025       0x35 binaries/ascdate.o
 .ARM.attributes
                0x0000005a       0x35 binaries/bufinit.o
 .ARM.attributes
                0x0000008f       0x35 binaries/chprio.o
 .ARM.attributes
                0x000000c4       0x35 binaries/clkhandler.o
 .ARM.attributes
                0x000000f9       0x35 binaries/clkinit.o
 .ARM.attributes
                0x0000012e       0x35 binaries/close.o
 .ARM.attributes
                0x00000163       0x35 binaries/conf.o
 .ARM.attributes
                0x00000198       0x35 binaries/control.o
 .ARM.attributes
                0x000001cd       0x35 binaries/create.o
 .ARM.attributes
                0x00000202       0x35 binaries/evec.o
 .ARM.attributes
                0x00000237       0x35 binaries/exit.o
 .ARM.attributes
                0x0000026c       0x35 binaries/freebuf.o
 .ARM.attributes
                0x000002a1       0x35 binaries/freemem.o
 .ARM.attributes
                0x000002d6       0x35 binaries/getbuf.o
 .ARM.attributes
                0x0000030b       0x35 binaries/getc.o
 .ARM.attributes
                0x00000340       0x35 binaries/getdev.o
 .ARM.attributes
                0x00000375       0x35 binaries/getitem.o
 .ARM.attributes
                0x000003aa       0x35 binaries/getmem.o
 .ARM.attributes
                0x000003df       0x35 binaries/getpid.o
 .ARM.attributes
                0x00000414       0x35 binaries/getprio.o
 .ARM.attributes
                0x00000449       0x35 binaries/getstk.o
 .ARM.attributes
                0x0000047e       0x35 binaries/init.o
 .ARM.attributes
                0x000004b3       0x35 binaries/initialize.o
 .ARM.attributes
                0x000004e8       0x35 binaries/insert.o
 .ARM.attributes
                0x0000051d       0x35 binaries/insertd.o
 .ARM.attributes
                0x00000552       0x35 binaries/ioerr.o
 .ARM.attributes
                0x00000587       0x35 binaries/ionull.o
 .ARM.attributes
                0x000005bc       0x35 binaries/kill.o
 .ARM.attributes
                0x000005f1       0x35 binaries/kprintf.o
 .ARM.attributes
                0x00000626       0x35 binaries/main.o
 .ARM.attributes
                0x0000065b       0x35 binaries/mark.o
 .ARM.attributes
                0x00000690       0x35 binaries/meminit.o
 .ARM.attributes
                0x000006c5       0x35 binaries/mkbufpool.o
 .ARM.attributes
                0x000006fa       0x35 binaries/newqueue.o
 .ARM.attributes
                0x0000072f       0x35 binaries/open.o
 .ARM.attributes
                0x00000764       0x35 binaries/panic.o
 .ARM.attributes
                0x00000799       0x35 binaries/platinit.o
 .ARM.attributes
                0x000007ce       0x35 binaries/ptclear.o
 .ARM.attributes
                0x00000803       0x35 binaries/ptcount.o
 .ARM.attributes
                0x00000838       0x35 binaries/ptcreate.o
 .ARM.attributes
                0x0000086d       0x35 binaries/ptdelete.o
 .ARM.attributes
                0x000008a2       0x35 binaries/ptinit.o
 .ARM.attributes
                0x000008d7       0x35 binaries/ptrecv.o
 .ARM.attributes
                0x0000090c       0x35 binaries/ptreset.o
 .ARM.attributes
                0x00000941       0x35 binaries/ptsend.o
 .ARM.attributes
                0x00000976       0x35 binaries/putc.o
 .ARM.attributes
                0x000009ab       0x35 binaries/queue.o
 .ARM.attributes
                0x000009e0       0x35 binaries/read.o
 .ARM.attributes
                0x00000a15       0x35 binaries/ready.o
 .ARM.attributes
                0x00000a4a       0x35 binaries/receive.o
 .ARM.attributes
                0x00000a7f       0x35 binaries/recvclr.o
 .ARM.attributes
                0x00000ab4       0x35 binaries/recvtime.o
 .ARM.attributes
                0x00000ae9       0x35 binaries/resched.o
 .ARM.attributes
                0x00000b1e       0x35 binaries/resume.o
 .ARM.attributes
                0x00000b53       0x35 binaries/seek.o
 .ARM.attributes
                0x00000b88       0x35 binaries/semcount.o
 .ARM.attributes
                0x00000bbd       0x35 binaries/semcreate.o
 .ARM.attributes
                0x00000bf2       0x35 binaries/semdelete.o
 .ARM.attributes
                0x00000c27       0x35 binaries/semreset.o
 .ARM.attributes
                0x00000c5c       0x35 binaries/send.o
 .ARM.attributes
                0x00000c91       0x35 binaries/signal.o
 .ARM.attributes
                0x00000cc6       0x35 binaries/signaln.o
 .ARM.attributes
                0x00000cfb       0x35 binaries/sleep.o
 .ARM.attributes
                0x00000d30       0x35 binaries/suspend.o
 .ARM.attributes
                0x00000d65       0x35 binaries/unsleep.o
 .ARM.attributes
                0x00000d9a       0x35 binaries/userret.o
 .ARM.attributes
                0x00000dcf       0x35 binaries/wait.o
 .ARM.attributes
                0x00000e04       0x35 binaries/wakeup.o
 .ARM.attributes
                0x00000e39       0x35 binaries/write.o
 .ARM.attributes
                0x00000e6e       0x35 binaries/xdone.o
 .ARM.attributes
                0x00000ea3       0x35 binaries/yield.o
 .ARM.attributes
                0x00000ed8       0x35 binaries/abs.o
 .ARM.attributes
                0x00000f0d       0x35 binaries/atoi.o
 .ARM.attributes
                0x00000f42       0x35 binaries/atol.o
 .ARM.attributes
                0x00000f77       0x35 binaries/bzero.o
 .ARM.attributes
                0x00000fac       0x35 binaries/ctype_.o
 .ARM.attributes
                0x00000fe1       0x35 binaries/doprnt.o
 .ARM.attributes
                0x00001016       0x35 binaries/doscan.o
 .ARM.attributes
                0x0000104b       0x35 binaries/fdoprnt.o
 .ARM.attributes
                0x00001080       0x35 binaries/fgetc.o
 .ARM.attributes
                0x000010b5       0x35 binaries/fgets.o
 .ARM.attributes
                0x000010ea       0x35 binaries/fprintf.o
 .ARM.attributes
                0x0000111f       0x35 binaries/fputc.o
 .ARM.attributes
                0x00001154       0x35 binaries/fputs.o
 .ARM.attributes
                0x00001189       0x35 binaries/fscanf.o
 .ARM.attributes
                0x000011be       0x35 binaries/getchar.o
 .ARM.attributes
                0x000011f3       0x35 binaries/labs.o
 .ARM.attributes
                0x00001228       0x35 binaries/memchr.o
 .ARM.attributes
                0x0000125d       0x35 binaries/memcmp.o
 .ARM.attributes
                0x00001292       0x35 binaries/memcpy.o
 .ARM.attributes
                0x000012c7       0x35 binaries/memset.o
 .ARM.attributes
                0x000012fc       0x35 binaries/printf.o
 .ARM.attributes
                0x00001331       0x35 binaries/putchar.o
 .ARM.attributes
                0x00001366       0x35 binaries/qsort.o
 .ARM.attributes
                0x0000139b       0x35 binaries/rand.o
 .ARM.attributes
                0x000013d0       0x35 binaries/sprintf.o
 .ARM.attributes
                0x00001405       0x35 binaries/sscanf.o
 .ARM.attributes
                0x0000143a       0x35 binaries/strchr.o
 .ARM.attributes
                0x0000146f       0x35 binaries/strcmp.o
 .ARM.attributes
                0x000014a4       0x35 binaries/strcpy.o
 .ARM.attributes
                0x000014d9       0x35 binaries/strlen.o
 .ARM.attributes
                0x0000150e       0x35 binaries/strncat.o
 .ARM.attributes
                0x00001543       0x35 binaries/strncmp.o
 .ARM.attributes
                0x00001578       0x35 binaries/strncpy.o
 .ARM.attributes
                0x000015ad       0x35 binaries/strnlen.o
 .ARM.attributes
                0x000015e2       0x35 binaries/strrchr.o
 .ARM.attributes
                0x00001617       0x35 binaries/strstr.o
 .ARM.attributes
                0x0000164c       0x35 binaries/ttycontrol.o
 .ARM.attributes
                0x00001681       0x35 binaries/ttygetc.o
 .ARM.attributes
                0x000016b6       0x35 binaries/ttyhandle_in.o
 .ARM.attributes
                0x000016eb       0x35 binaries/ttyhandle_out.o
 .ARM.attributes
                0x00001720       0x35 binaries/ttyhandler.o
 .ARM.attributes
                0x00001755       0x35 binaries/ttyinit.o
 .ARM.attributes
                0x0000178a       0x35 binaries/ttykickout.o
 .ARM.attributes
                0x000017bf       0x35 binaries/ttyputc.o
 .ARM.attributes
                0x000017f4       0x35 binaries/ttyread.o
 .ARM.attributes
                0x00001829       0x35 binaries/ttywrite.o
 .ARM.attributes
                0x0000185e       0x35 binaries/mount.o
 .ARM.attributes
                0x00001893       0x35 binaries/naminit.o
 .ARM.attributes
                0x000018c8       0x35 binaries/nammap.o
 .ARM.attributes
                0x000018fd       0x35 binaries/namopen.o
 .ARM.attributes
                0x00001932       0x35 binaries/colon2mac.o
 .ARM.attributes
                0x00001967       0x35 binaries/ethcontrol.o
 .ARM.attributes
                0x0000199c       0x35 binaries/ethhandler.o
 .ARM.attributes
                0x000019d1       0x35 binaries/ethinit.o
 .ARM.attributes
                0x00001a06       0x35 binaries/ethread.o
 .ARM.attributes
                0x00001a3b       0x35 binaries/ethwrite.o
 .ARM.attributes
                0x00001a70       0x35 binaries/dot2ip.o
 .ARM.attributes
                0x00001aa5       0x35 binaries/icmp.o
 .ARM.attributes
                0x00001ada       0x35 binaries/ip.o
 .ARM.attributes
                0x00001b0f       0x35 binaries/nd.o
 .ARM.attributes
                0x00001b44       0x35 binaries/net.o
 .ARM.attributes
                0x00001b79       0x35 binaries/netiface.o
 .ARM.attributes
                0x00001bae       0x35 binaries/xinube_macs.o
 .ARM.attributes
                0x00001be3       0x35 binaries/addargs.o
 .ARM.attributes
                0x00001c18       0x35 binaries/lexan.o
 .ARM.attributes
                0x00001c4d       0x35 binaries/shell.o
 .ARM.attributes
                0x00001c82       0x35 binaries/xsh_argecho.o
 .ARM.attributes
                0x00001cb7       0x35 binaries/xsh_cat.o
 .ARM.attributes
                0x00001cec       0x35 binaries/xsh_clear.o
 .ARM.attributes
                0x00001d21       0x35 binaries/xsh_devdump.o
 .ARM.attributes
                0x00001d56       0x35 binaries/xsh_echo.o
 .ARM.attributes
                0x00001d8b       0x35 binaries/xsh_exit.o
 .ARM.attributes
                0x00001dc0       0x35 binaries/xsh_help.o
 .ARM.attributes
                0x00001df5       0x35 binaries/xsh_kill.o
 .ARM.attributes
                0x00001e2a       0x35 binaries/xsh_led.o
 .ARM.attributes
                0x00001e5f       0x35 binaries/xsh_memdump.o
 .ARM.attributes
                0x00001e94       0x35 binaries/xsh_memstat.o
 .ARM.attributes
                0x00001ec9       0x35 binaries/xsh_ps.o
 .ARM.attributes
                0x00001efe       0x35 binaries/xsh_sleep.o
 .ARM.attributes
                0x00001f33       0x35 binaries/xsh_uptime.o
 .ARM.attributes
                0x00001f68       0x35 binaries/amsg_handler.o
 .ARM.attributes
                0x00001f9d       0x35 binaries/print_info.o
 .ARM.attributes
                0x00001fd2       0x35 binaries/srbit.o
 .ARM.attributes
                0x00002007       0x35 binaries/wsjoin.o
 .ARM.attributes
                0x0000203c       0x35 binaries/wsnode.o
 .ARM.attributes
                0x00002071       0x35 binaries/wssend_ack.o
 .ARM.attributes
                0x000020a6       0x25 binaries/ctxsw.o
 .ARM.attributes
                0x000020cb       0x25 binaries/intr.o
 .ARM.attributes
                0x000020f0       0x18 ../cross_compiler/lib/gcc/arm-none-eabi/4.8.1//libgcc.a(_udivsi3.o)
 .ARM.attributes
                0x00002108       0x18 ../cross_compiler/lib/gcc/arm-none-eabi/4.8.1//libgcc.a(_divsi3.o)
 .ARM.attributes
                0x00002120       0x18 ../cross_compiler/lib/gcc/arm-none-eabi/4.8.1//libgcc.a(_dvmd_tls.o)
 .ARM.attributes
                0x00002138       0x18 ../cross_compiler/lib/gcc/arm-none-eabi/4.8.1//libgcc.a(_arm_addsubdf3.o)
 .ARM.attributes
                0x00002150       0x18 ../cross_compiler/lib/gcc/arm-none-eabi/4.8.1//libgcc.a(_arm_muldivdf3.o)
 .ARM.attributes
                0x00002168       0x18 ../cross_compiler/lib/gcc/arm-none-eabi/4.8.1//libgcc.a(_arm_truncdfsf2.o)
 .ARM.attributes
                0x00002180       0x18 ../cross_compiler/lib/gcc/arm-none-eabi/4.8.1//libgcc.a(_arm_fixsfsi.o)

.comment        0x00000000       0x30
 .comment       0x00000000       0x30 binaries/ascdate.o
                                 0x31 (size before relaxing)
 .comment       0x00000000       0x31 binaries/bufinit.o
 .comment       0x00000000       0x31 binaries/chprio.o
 .comment       0x00000000       0x31 binaries/clkhandler.o
 .comment       0x00000000       0x31 binaries/clkinit.o
 .comment       0x00000000       0x31 binaries/close.o
 .comment       0x00000000       0x31 binaries/conf.o
 .comment       0x00000000       0x31 binaries/control.o
 .comment       0x00000000       0x31 binaries/create.o
 .comment       0x00000000       0x31 binaries/evec.o
 .comment       0x00000000       0x31 binaries/exit.o
 .comment       0x00000000       0x31 binaries/freebuf.o
 .comment       0x00000000       0x31 binaries/freemem.o
 .comment       0x00000000       0x31 binaries/getbuf.o
 .comment       0x00000000       0x31 binaries/getc.o
 .comment       0x00000000       0x31 binaries/getdev.o
 .comment       0x00000000       0x31 binaries/getitem.o
 .comment       0x00000000       0x31 binaries/getmem.o
 .comment       0x00000000       0x31 binaries/getpid.o
 .comment       0x00000000       0x31 binaries/getprio.o
 .comment       0x00000000       0x31 binaries/getstk.o
 .comment       0x00000000       0x31 binaries/init.o
 .comment       0x00000000       0x31 binaries/initialize.o
 .comment       0x00000000       0x31 binaries/insert.o
 .comment       0x00000000       0x31 binaries/insertd.o
 .comment       0x00000000       0x31 binaries/ioerr.o
 .comment       0x00000000       0x31 binaries/ionull.o
 .comment       0x00000000       0x31 binaries/kill.o
 .comment       0x00000000       0x31 binaries/kprintf.o
 .comment       0x00000000       0x31 binaries/main.o
 .comment       0x00000000       0x31 binaries/mark.o
 .comment       0x00000000       0x31 binaries/meminit.o
 .comment       0x00000000       0x31 binaries/mkbufpool.o
 .comment       0x00000000       0x31 binaries/newqueue.o
 .comment       0x00000000       0x31 binaries/open.o
 .comment       0x00000000       0x31 binaries/panic.o
 .comment       0x00000000       0x31 binaries/platinit.o
 .comment       0x00000000       0x31 binaries/ptclear.o
 .comment       0x00000000       0x31 binaries/ptcount.o
 .comment       0x00000000       0x31 binaries/ptcreate.o
 .comment       0x00000000       0x31 binaries/ptdelete.o
 .comment       0x00000000       0x31 binaries/ptinit.o
 .comment       0x00000000       0x31 binaries/ptrecv.o
 .comment       0x00000000       0x31 binaries/ptreset.o
 .comment       0x00000000       0x31 binaries/ptsend.o
 .comment       0x00000000       0x31 binaries/putc.o
 .comment       0x00000000       0x31 binaries/queue.o
 .comment       0x00000000       0x31 binaries/read.o
 .comment       0x00000000       0x31 binaries/ready.o
 .comment       0x00000000       0x31 binaries/receive.o
 .comment       0x00000000       0x31 binaries/recvclr.o
 .comment       0x00000000       0x31 binaries/recvtime.o
 .comment       0x00000000       0x31 binaries/resched.o
 .comment       0x00000000       0x31 binaries/resume.o
 .comment       0x00000000       0x31 binaries/seek.o
 .comment       0x00000000       0x31 binaries/semcount.o
 .comment       0x00000000       0x31 binaries/semcreate.o
 .comment       0x00000000       0x31 binaries/semdelete.o
 .comment       0x00000000       0x31 binaries/semreset.o
 .comment       0x00000000       0x31 binaries/send.o
 .comment       0x00000000       0x31 binaries/signal.o
 .comment       0x00000000       0x31 binaries/signaln.o
 .comment       0x00000000       0x31 binaries/sleep.o
 .comment       0x00000000       0x31 binaries/suspend.o
 .comment       0x00000000       0x31 binaries/unsleep.o
 .comment       0x00000000       0x31 binaries/userret.o
 .comment       0x00000000       0x31 binaries/wait.o
 .comment       0x00000000       0x31 binaries/wakeup.o
 .comment       0x00000000       0x31 binaries/write.o
 .comment       0x00000000       0x31 binaries/xdone.o
 .comment       0x00000000       0x31 binaries/yield.o
 .comment       0x00000000       0x31 binaries/abs.o
 .comment       0x00000000       0x31 binaries/atoi.o
 .comment       0x00000000       0x31 binaries/atol.o
 .comment       0x00000000       0x31 binaries/bzero.o
 .comment       0x00000000       0x31 binaries/ctype_.o
 .comment       0x00000000       0x31 binaries/doprnt.o
 .comment       0x00000000       0x31 binaries/doscan.o
 .comment       0x00000000       0x31 binaries/fdoprnt.o
 .comment       0x00000000       0x31 binaries/fgetc.o
 .comment       0x00000000       0x31 binaries/fgets.o
 .comment       0x00000000       0x31 binaries/fprintf.o
 .comment       0x00000000       0x31 binaries/fputc.o
 .comment       0x00000000       0x31 binaries/fputs.o
 .comment       0x00000000       0x31 binaries/fscanf.o
 .comment       0x00000000       0x31 binaries/getchar.o
 .comment       0x00000000       0x31 binaries/labs.o
 .comment       0x00000000       0x31 binaries/memchr.o
 .comment       0x00000000       0x31 binaries/memcmp.o
 .comment       0x00000000       0x31 binaries/memcpy.o
 .comment       0x00000000       0x31 binaries/memset.o
 .comment       0x00000000       0x31 binaries/printf.o
 .comment       0x00000000       0x31 binaries/putchar.o
 .comment       0x00000000       0x31 binaries/qsort.o
 .comment       0x00000000       0x31 binaries/rand.o
 .comment       0x00000000       0x31 binaries/sprintf.o
 .comment       0x00000000       0x31 binaries/sscanf.o
 .comment       0x00000000       0x31 binaries/strchr.o
 .comment       0x00000000       0x31 binaries/strcmp.o
 .comment       0x00000000       0x31 binaries/strcpy.o
 .comment       0x00000000       0x31 binaries/strlen.o
 .comment       0x00000000       0x31 binaries/strncat.o
 .comment       0x00000000       0x31 binaries/strncmp.o
 .comment       0x00000000       0x31 binaries/strncpy.o
 .comment       0x00000000       0x31 binaries/strnlen.o
 .comment       0x00000000       0x31 binaries/strrchr.o
 .comment       0x00000000       0x31 binaries/strstr.o
 .comment       0x00000000       0x31 binaries/ttycontrol.o
 .comment       0x00000000       0x31 binaries/ttygetc.o
 .comment       0x00000000       0x31 binaries/ttyhandle_in.o
 .comment       0x00000000       0x31 binaries/ttyhandle_out.o
 .comment       0x00000000       0x31 binaries/ttyhandler.o
 .comment       0x00000000       0x31 binaries/ttyinit.o
 .comment       0x00000000       0x31 binaries/ttykickout.o
 .comment       0x00000000       0x31 binaries/ttyputc.o
 .comment       0x00000000       0x31 binaries/ttyread.o
 .comment       0x00000000       0x31 binaries/ttywrite.o
 .comment       0x00000000       0x31 binaries/mount.o
 .comment       0x00000000       0x31 binaries/naminit.o
 .comment       0x00000000       0x31 binaries/nammap.o
 .comment       0x00000000       0x31 binaries/namopen.o
 .comment       0x00000000       0x31 binaries/colon2mac.o
 .comment       0x00000000       0x31 binaries/ethcontrol.o
 .comment       0x00000000       0x31 binaries/ethhandler.o
 .comment       0x00000000       0x31 binaries/ethinit.o
 .comment       0x00000000       0x31 binaries/ethread.o
 .comment       0x00000000       0x31 binaries/ethwrite.o
 .comment       0x00000000       0x31 binaries/dot2ip.o
 .comment       0x00000000       0x31 binaries/icmp.o
 .comment       0x00000000       0x31 binaries/ip.o
 .comment       0x00000000       0x31 binaries/nd.o
 .comment       0x00000000       0x31 binaries/net.o
 .comment       0x00000000       0x31 binaries/netiface.o
 .comment       0x00000000       0x31 binaries/xinube_macs.o
 .comment       0x00000000       0x31 binaries/addargs.o
 .comment       0x00000000       0x31 binaries/lexan.o
 .comment       0x00000000       0x31 binaries/shell.o
 .comment       0x00000000       0x31 binaries/xsh_argecho.o
 .comment       0x00000000       0x31 binaries/xsh_cat.o
 .comment       0x00000000       0x31 binaries/xsh_clear.o
 .comment       0x00000000       0x31 binaries/xsh_devdump.o
 .comment       0x00000000       0x31 binaries/xsh_echo.o
 .comment       0x00000000       0x31 binaries/xsh_exit.o
 .comment       0x00000000       0x31 binaries/xsh_help.o
 .comment       0x00000000       0x31 binaries/xsh_kill.o
 .comment       0x00000000       0x31 binaries/xsh_led.o
 .comment       0x00000000       0x31 binaries/xsh_memdump.o
 .comment       0x00000000       0x31 binaries/xsh_memstat.o
 .comment       0x00000000       0x31 binaries/xsh_ps.o
 .comment       0x00000000       0x31 binaries/xsh_sleep.o
 .comment       0x00000000       0x31 binaries/xsh_uptime.o
 .comment       0x00000000       0x31 binaries/amsg_handler.o
 .comment       0x00000000       0x31 binaries/print_info.o
 .comment       0x00000000       0x31 binaries/srbit.o
 .comment       0x00000000       0x31 binaries/wsjoin.o
 .comment       0x00000000       0x31 binaries/wsnode.o
 .comment       0x00000000       0x31 binaries/wssend_ack.o

.debug_frame    0x00000000       0x40
 .debug_frame   0x00000000       0x20 ../cross_compiler/lib/gcc/arm-none-eabi/4.8.1//libgcc.a(_udivsi3.o)
 .debug_frame   0x00000020       0x20 ../cross_compiler/lib/gcc/arm-none-eabi/4.8.1//libgcc.a(_divsi3.o)
