Archive member included because of file (symbol)

../cross_compiler/lib/gcc/arm-none-eabi/4.8.1//libgcc.a(_udivsi3.o)
                              binaries/qsort.o (__aeabi_uidiv)
../cross_compiler/lib/gcc/arm-none-eabi/4.8.1//libgcc.a(_divsi3.o)
                              binaries/doprnt.o (__aeabi_idiv)
../cross_compiler/lib/gcc/arm-none-eabi/4.8.1//libgcc.a(_dvmd_tls.o)
                              ../cross_compiler/lib/gcc/arm-none-eabi/4.8.1//libgcc.a(_udivsi3.o) (__aeabi_idiv0)
../cross_compiler/lib/gcc/arm-none-eabi/4.8.1//libgcc.a(_arm_muldivdf3.o)
                              binaries/doprnt.o (__aeabi_dmul)
../cross_compiler/lib/gcc/arm-none-eabi/4.8.1//libgcc.a(_arm_cmpdf2.o)
                              binaries/doprnt.o (__aeabi_dcmplt)
../cross_compiler/lib/gcc/arm-none-eabi/4.8.1//libgcc.a(_arm_fixdfsi.o)
                              binaries/doprnt.o (__aeabi_d2iz)

Allocating common symbols
Common symbol       size              file

netbufpool          0x4               binaries/net.o
readylist           0x2               binaries/ready.o
rfltab              0x5a0             binaries/rflinit.o
netportseed         0x4               binaries/net.o
sleepq              0x2               binaries/clkinit.o
intc_vector         0x200             binaries/evec.o
nnames              0x4               binaries/naminit.o
udptab              0x168             binaries/udp.o
minheap             0x4               binaries/meminit.o
marks               0x50              binaries/mark.o
clktimems           0x4               binaries/clkhandler.o
old_topo            0x1d78            binaries/wsserver.o
testbed             0x698             binaries/testbed.o
currpid             0x4               binaries/initialize.o
Lf_data             0x20c             binaries/lfsinit.o
porttab             0x2d0             binaries/ptinit.o
ttytab              0x110             binaries/ttyinit.o
topo                0x1d78            binaries/wsserver.o
proctab             0x15e0            binaries/initialize.o
eth_a_regs          0x1c              binaries/ethinit.o
prcount             0x4               binaries/initialize.o
seqnum              0x4               binaries/wsserver.o
lfltab              0xf00             binaries/lflinit.o
rdstab              0x8c              binaries/rdsinit.o
ethertab            0x138             binaries/ethinit.o
NetData             0xb0              binaries/net.o
nmarks              0x4               binaries/mark.o
Defer               0x8               binaries/resched.o
semtab              0x4b0             binaries/initialize.o
maxheap             0x4               binaries/meminit.o
preempt             0x4               binaries/clkinit.o
buftab              0xf0              binaries/bufinit.o
Rf_data             0x18              binaries/rfsinit.o
node2name           0x398             binaries/topology.o
mkmutex             0x4               binaries/mark.o
map_list            0x398             binaries/topology.o
clktime             0x4               binaries/clkinit.o
arpcache            0x140             binaries/arp.o
icmptab             0x230             binaries/icmp.o
nbpools             0x4               binaries/bufinit.o
tbedmap             0x3f0             binaries/testbed.o
queuetab            0x980             binaries/queue.o
bbb_stat            0x150             binaries/init_topo.o
ptnextid            0x4               binaries/ptinit.o
ping_ack_flag       0xb8              binaries/wsserver.o
Ram                 0x19000           binaries/raminit.o
ipoqueue            0x2c              binaries/ip.o
ack_info            0x10              binaries/wsserver.o
memlist             0x8               binaries/initialize.o
nametab             0x19a0            binaries/naminit.o
ptfree              0x4               binaries/ptinit.o

Memory Configuration

Name             Origin             Length             Attributes
*default*        0x00000000         0xffffffff

Linker script and memory map

                0x81000000                physbase = 0x81000000
                0x81000000                . = physbase
                0x81000000                . = ALIGN (0x1000)

.text           0x81000000    0x18000
                0x81000000                text = ABSOLUTE (.)
 *(.text .text.*)
 .text          0x81000000       0x4c binaries/start.o
                0x81000000                start
 .text          0x8100004c      0x33c binaries/ascdate.o
                0x8100004c                ascdate
 .text          0x81000388       0x18 binaries/bufinit.o
                0x81000388                bufinit
 .text          0x810003a0       0x68 binaries/chprio.o
                0x810003a0                chprio
 .text          0x81000408      0x104 binaries/clkhandler.o
                0x81000408                clkhandler
 .text          0x8100050c       0xd4 binaries/clkinit.o
                0x8100050c                clkinit
 .text          0x810005e0       0x50 binaries/close.o
                0x810005e0                close
 .text          0x81000630        0x0 binaries/conf.o
 .text          0x81000630       0x68 binaries/control.o
                0x81000630                control
 .text          0x81000698      0x290 binaries/create.o
                0x81000698                create
 .text          0x81000928       0xb0 binaries/evec.o
                0x81000928                initintc
                0x81000954                set_evec
                0x81000994                irq_dispatch
 .text          0x810009d8       0x10 binaries/exit.o
                0x810009d8                exit
 .text          0x810009e8       0x7c binaries/freebuf.o
                0x810009e8                freebuf
 .text          0x81000a64      0x148 binaries/freemem.o
                0x81000a64                freemem
 .text          0x81000bac       0x78 binaries/getbuf.o
                0x81000bac                getbuf
 .text          0x81000c24       0x50 binaries/getc.o
                0x81000c24                getc
 .text          0x81000c74       0x68 binaries/getdev.o
                0x81000c74                getdev
 .text          0x81000cdc       0xa0 binaries/getitem.o
                0x81000cdc                getitem
                0x81000d0c                getfirst
                0x81000d40                getlast
 .text          0x81000d7c      0x108 binaries/getmem.o
                0x81000d7c                getmem
 .text          0x81000e84       0x10 binaries/getpid.o
                0x81000e84                getpid
 .text          0x81000e94       0x5c binaries/getprio.o
                0x81000e94                getprio
 .text          0x81000ef0       0xc8 binaries/getstk.o
                0x81000ef0                getstk
 .text          0x81000fb8        0x8 binaries/getticks.o
                0x81000fb8                getticks
 .text          0x81000fc0       0x38 binaries/gettime.o
                0x81000fc0                gettime
 .text          0x81000ff8      0x1f4 binaries/getutime.o
                0x81000ff8                getutime
 .text          0x810011ec       0x50 binaries/init.o
                0x810011ec                init
 .text          0x8100123c      0x2a4 binaries/initialize.o
                0x8100123c                nulluser
                0x81001480                stop
                0x810014a4                delay
 .text          0x810014e0       0xd0 binaries/insert.o
                0x810014e0                insert
 .text          0x810015b0      0x134 binaries/insertd.o
                0x810015b0                insertd
 .text          0x810016e4        0x8 binaries/ioerr.o
                0x810016e4                ioerr
 .text          0x810016ec        0x8 binaries/ionull.o
                0x810016ec                ionull
 .text          0x810016f4      0x158 binaries/kill.o
                0x810016f4                kill
 .text          0x8100184c       0xb4 binaries/kprintf.o
                0x8100184c                kputc
                0x8100188c                kgetc
                0x810018c0                kprintf
 .text          0x81001900       0x5c binaries/main.o
                0x81001900                main
 .text          0x8100195c       0xd0 binaries/mark.o
                0x8100195c                markinit
                0x81001988                mark
 .text          0x81001a2c       0x48 binaries/meminit.o
                0x81001a2c                meminit
 .text          0x81001a74      0x140 binaries/mkbufpool.o
                0x81001a74                mkbufpool
 .text          0x81001bb4       0x7c binaries/newqueue.o
                0x81001bb4                newqueue
 .text          0x81001c30       0x60 binaries/open.o
                0x81001c30                open
 .text          0x81001c90       0x20 binaries/panic.o
                0x81001c90                panic
 .text          0x81001cb0       0xac binaries/platinit.o
                0x81001cb0                counterinit
                0x81001cc8                platinit
 .text          0x81001d5c       0xa8 binaries/ptclear.o
                0x81001d5c                _ptclear
 .text          0x81001e04       0x78 binaries/ptcount.o
                0x81001e04                ptcount
 .text          0x81001e7c       0xdc binaries/ptcreate.o
                0x81001e7c                ptcreate
 .text          0x81001f58       0x74 binaries/ptdelete.o
                0x81001f58                ptdelete
 .text          0x81001fcc       0xbc binaries/ptinit.o
                0x81001fcc                ptinit
 .text          0x81002088       0xd0 binaries/ptrecv.o
                0x81002088                ptrecv
 .text          0x81002158       0x68 binaries/ptreset.o
                0x81002158                ptreset
 .text          0x810021c0       0xf4 binaries/ptsend.o
                0x810021c0                ptsend
 .text          0x810022b4       0x58 binaries/putc.o
                0x810022b4                putc
 .text          0x8100230c       0xf4 binaries/queue.o
                0x8100230c                enqueue
                0x810023a4                dequeue
 .text          0x81002400       0x60 binaries/read.o
                0x81002400                read
 .text          0x81002460       0x74 binaries/ready.o
                0x81002460                ready
 .text          0x810024d4       0x60 binaries/receive.o
                0x810024d4                receive
 .text          0x81002534       0x48 binaries/recvclr.o
                0x81002534                recvclr
 .text          0x8100257c       0xb0 binaries/recvtime.o
                0x8100257c                recvtime
 .text          0x8100262c      0x1ac binaries/resched.o
                0x8100262c                resched
                0x8100271c                resched_cntl
 .text          0x810027d8       0x90 binaries/resume.o
                0x810027d8                resume
 .text          0x81002868       0x58 binaries/seek.o
                0x81002868                seek
 .text          0x810028c0       0x58 binaries/semcount.o
                0x810028c0                semcount
 .text          0x81002918       0xb8 binaries/semcreate.o
                0x81002918                semcreate
 .text          0x810029d0       0xac binaries/semdelete.o
                0x810029d0                semdelete
 .text          0x81002a7c       0xa4 binaries/semreset.o
                0x81002a7c                semreset
 .text          0x81002b20       0xc0 binaries/send.o
                0x81002b20                send
 .text          0x81002be0       0x80 binaries/signal.o
                0x81002be0                signal
 .text          0x81002c60       0xb0 binaries/signaln.o
                0x81002c60                signaln
 .text          0x81002d10       0xcc binaries/sleep.o
                0x81002d10                sleepms
                0x81002dac                sleep
 .text          0x81002ddc       0xbc binaries/suspend.o
                0x81002ddc                suspend
 .text          0x81002e98       0xb8 binaries/unsleep.o
                0x81002e98                unsleep
 .text          0x81002f50       0x10 binaries/userret.o
                0x81002f50                userret
 .text          0x81002f60       0xac binaries/wait.o
                0x81002f60                wait
 .text          0x8100300c       0xa0 binaries/wakeup.o
                0x8100300c                wakeup
 .text          0x810030ac       0x60 binaries/write.o
                0x810030ac                write
 .text          0x8100310c       0x18 binaries/xdone.o
                0x8100310c                xdone
 .text          0x81003124       0x20 binaries/yield.o
                0x81003124                yield
 .text          0x81003144        0xc binaries/abs.o
                0x81003144                abs
 .text          0x81003150      0x114 binaries/atoi.o
                0x81003150                atoi
 .text          0x81003264      0x114 binaries/atol.o
                0x81003264                atol
 .text          0x81003378       0x20 binaries/bzero.o
                0x81003378                bzero
 .text          0x81003398        0x0 binaries/ctype_.o
 .text          0x81003398      0xa34 binaries/doprnt.o
                0x810035b8                _doprnt
 .text          0x81003dcc      0x704 binaries/doscan.o
                0x81003dcc                _doscan
 .text          0x810044d0      0x898 binaries/fdoprnt.o
                0x8100457c                _fdoprnt
 .text          0x81004d68       0x14 binaries/fgetc.o
                0x81004d68                fgetc
 .text          0x81004d7c       0x84 binaries/fgets.o
                0x81004d7c                fgets
 .text          0x81004e00       0x3c binaries/fprintf.o
                0x81004e00                fprintf
 .text          0x81004e3c       0x24 binaries/fputc.o
                0x81004e3c                fputc
 .text          0x81004e60       0x38 binaries/fputs.o
                0x81004e60                fputs
 .text          0x81004e98       0x78 binaries/fscanf.o
                0x81004ecc                fscanf
 .text          0x81004f10       0x2c binaries/getchar.o
                0x81004f10                getchar
 .text          0x81004f3c        0xc binaries/labs.o
                0x81004f3c                labs
 .text          0x81004f48        0x0 binaries/memchr.o
 .text          0x81004f48       0x60 binaries/memcmp.o
                0x81004f48                memcmp
 .text          0x81004fa8       0x24 binaries/memcpy.o
                0x81004fa8                memcpy
 .text          0x81004fcc       0x20 binaries/memset.o
                0x81004fcc                memset
 .text          0x81004fec       0x58 binaries/printf.o
                0x81004fec                printf
 .text          0x81005044       0x2c binaries/putchar.o
                0x81005044                putchar
 .text          0x81005070      0x254 binaries/qsort.o
                0x810052a4                qsort
 .text          0x810052c4       0x7c binaries/rand.o
                0x810052c4                rand
                0x810052fc                rand_r
                0x81005330                srand
 .text          0x81005340       0x68 binaries/sprintf.o
                0x81005358                sprintf
 .text          0x810053a8       0x78 binaries/sscanf.o
                0x810053dc                sscanf
 .text          0x81005420       0x48 binaries/strchr.o
                0x81005420                strchr
 .text          0x81005468       0x54 binaries/strcmp.o
                0x81005468                strcmp
 .text          0x810054bc       0x18 binaries/strcpy.o
                0x810054bc                strcpy
 .text          0x810054d4       0x30 binaries/strlen.o
                0x810054d4                strlen
 .text          0x81005504       0x50 binaries/strncat.o
                0x81005504                strncat
 .text          0x81005554       0x54 binaries/strncmp.o
                0x81005554                strncmp
 .text          0x810055a8       0x80 binaries/strncpy.o
                0x810055a8                strncpy
 .text          0x81005628       0x48 binaries/strnlen.o
                0x81005628                strnlen
 .text          0x81005670       0x58 binaries/strrchr.o
                0x81005670                strrchr
 .text          0x810056c8       0xb0 binaries/strstr.o
                0x810056c8                strstr
 .text          0x81005778       0xc8 binaries/ttycontrol.o
                0x81005778                ttycontrol
 .text          0x81005840       0x6c binaries/ttygetc.o
                0x81005840                ttygetc
 .text          0x810058ac      0x4d8 binaries/ttyhandle_in.o
                0x81005978                ttyhandle_in
 .text          0x81005d84      0x14c binaries/ttyhandle_out.o
                0x81005d84                ttyhandle_out
 .text          0x81005ed0       0xc8 binaries/ttyhandler.o
                0x81005ed0                ttyhandler
 .text          0x81005f98      0x120 binaries/ttyinit.o
                0x81005f98                ttyinit
 .text          0x810060b8        0xc binaries/ttykickout.o
                0x810060b8                ttykickout
 .text          0x810060c4       0x78 binaries/ttyputc.o
                0x810060c4                ttyputc
 .text          0x8100613c      0x110 binaries/ttyread.o
                0x8100613c                ttyread
 .text          0x8100624c       0x4c binaries/ttywrite.o
                0x8100624c                ttywrite
 .text          0x81006298      0x134 binaries/mount.o
                0x81006298                namlen
                0x810062ec                mount
 .text          0x810063cc      0x1c8 binaries/naminit.o
                0x810063cc                naminit
 .text          0x81006594      0x240 binaries/nammap.o
                0x81006594                namrepl
                0x810066cc                namcpy
                0x81006728                nammap
 .text          0x810067d4       0x40 binaries/namopen.o
                0x810067d4                namopen
 .text          0x81006814       0x40 binaries/ethcontrol.o
                0x81006814                ethcontrol
 .text          0x81006854      0x178 binaries/ethhandler.o
                0x81006854                ethhandler
 .text          0x810069cc      0x734 binaries/ethinit.o
                0x810069cc                eth_phy_read
                0x81006a3c                eth_phy_write
                0x81006a94                eth_phy_reset
                0x81006c04                ethinit
 .text          0x81007100       0xd8 binaries/ethread.o
                0x81007100                ethread
 .text          0x810071d8       0xf0 binaries/ethwrite.o
                0x810071d8                ethwrite
 .text          0x810072c8       0x90 binaries/rdsbufalloc.o
                0x810072c8                rdsbufalloc
 .text          0x81007358       0xa0 binaries/rdsclose.o
                0x81007358                rdsclose
 .text          0x810073f8      0x1ec binaries/rdscomm.o
                0x810073f8                rdscomm
 .text          0x810075e4      0x174 binaries/rdscontrol.o
                0x810075e4                rdscontrol
 .text          0x81007758      0x180 binaries/rdsinit.o
                0x81007758                rdsinit
 .text          0x810078d8      0x134 binaries/rdsopen.o
                0x810078d8                rdsopen
 .text          0x81007a0c      0x304 binaries/rdsprocess.o
                0x81007a0c                rdsprocess
 .text          0x81007d10      0x1f4 binaries/rdsread.o
                0x81007d10                rdsread
 .text          0x81007f04      0x168 binaries/rdswrite.o
                0x81007f04                rdswrite
 .text          0x8100806c        0x8 binaries/ramclose.o
                0x8100806c                ramclose
 .text          0x81008074       0x3c binaries/raminit.o
                0x81008074                raminit
 .text          0x810080b0        0x8 binaries/ramopen.o
                0x810080b0                ramopen
 .text          0x810080b8       0x24 binaries/ramread.o
                0x810080b8                ramread
 .text          0x810080dc       0x20 binaries/ramwrite.o
                0x810080dc                ramwrite
 .text          0x810080fc       0x94 binaries/lfdballoc.o
                0x810080fc                lfdballoc
 .text          0x81008190       0x4c binaries/lfdbfree.o
                0x81008190                lfdbfree
 .text          0x810081dc       0xb8 binaries/lfflush.o
                0x810081dc                lfflush
 .text          0x81008294       0xc8 binaries/lfgetmode.o
                0x81008294                lfgetmode
 .text          0x8100835c       0x6c binaries/lfiballoc.o
                0x8100835c                lfiballoc
 .text          0x810083c8       0x30 binaries/lfibclear.o
                0x810083c8                lfibclear
 .text          0x810083f8       0x64 binaries/lfibget.o
                0x810083f8                lfibget
 .text          0x8100845c       0x8c binaries/lfibput.o
                0x8100845c                lfibput
 .text          0x810084e8       0x84 binaries/lflclose.o
                0x810084e8                lflclose
 .text          0x8100856c       0xa0 binaries/lflcontrol.o
                0x8100856c                lflcontrol
 .text          0x8100860c       0xa8 binaries/lflgetc.o
                0x8100860c                lflgetc
 .text          0x810086b4       0xa8 binaries/lflinit.o
                0x810086b4                lflinit
 .text          0x8100875c       0xdc binaries/lflputc.o
                0x8100875c                lflputc
 .text          0x81008838       0x78 binaries/lflread.o
                0x81008838                lflread
 .text          0x810088b0       0x80 binaries/lflseek.o
                0x810088b0                lflseek
 .text          0x81008930       0x5c binaries/lflwrite.o
                0x81008930                lflwrite
 .text          0x8100898c       0xa0 binaries/lfscheck.o
                0x8100898c                lfscheck
 .text          0x81008a2c      0x144 binaries/lfsckfmt.o
                0x81008a2c                lfsckfmt
 .text          0x81008b70      0x15c binaries/lfscreate.o
                0x81008b70                lfscreate
 .text          0x81008ccc      0x1f0 binaries/lfsetup.o
                0x81008ccc                lfsetup
 .text          0x81008ebc       0x44 binaries/lfsinit.o
                0x81008ebc                lfsinit
 .text          0x81008f00      0x358 binaries/lfsopen.o
                0x81008f00                lfsopen
 .text          0x81009258      0x108 binaries/lftruncate.o
                0x81009258                lftruncate
 .text          0x81009360       0x70 binaries/rflclose.o
                0x81009360                rflclose
 .text          0x810093d0       0x28 binaries/rflgetc.o
                0x810093d0                rflgetc
 .text          0x810093f8       0x54 binaries/rflinit.o
                0x810093f8                rflinit
 .text          0x8100944c       0x30 binaries/rflputc.o
                0x8100944c                rflputc
 .text          0x8100947c      0x28c binaries/rflread.o
                0x8100947c                rflread
 .text          0x81009708       0x74 binaries/rflseek.o
                0x81009708                rflseek
 .text          0x8100977c      0x2c8 binaries/rflwrite.o
                0x8100977c                rflwrite
 .text          0x81009a44      0x198 binaries/rfscomm.o
                0x81009a44                rfscomm
 .text          0x81009bdc      0x224 binaries/rfscontrol.o
                0x81009bdc                rfscontrol
 .text          0x81009e00       0xc8 binaries/rfsgetmode.o
                0x81009e00                rfsgetmode
 .text          0x81009ec8       0x84 binaries/rfsinit.o
                0x81009ec8                rfsinit
 .text          0x81009f4c       0xa4 binaries/rfsndmsg.o
                0x81009f4c                rfsndmsg
 .text          0x81009ff0      0x22c binaries/rfsopen.o
                0x81009ff0                rfsopen
 .text          0x8100a21c       0x8c binaries/spicontrol.o
                0x8100a21c                spicontrol
 .text          0x8100a2a8       0xa8 binaries/spiinit.o
                0x8100a2a8                spiinit
 .text          0x8100a350      0x714 binaries/arp.o
                0x8100a350                arp_init
                0x8100a370                arp_alloc
                0x8100a444                arp_ntoh
                0x8100a4e8                arp_hton
                0x8100a58c                arp_resolve
                0x8100a7f0                arp_in
 .text          0x8100aa64      0x6b0 binaries/dhcp.o
                0x8100aa64                dhcp_get_opt_val
                0x8100aac4                dhcp_bld_bootp_msg
                0x8100abbc                dhcp_bld_disc
                0x8100ac10                dhcp_bld_req
                0x8100acd4                getlocalip
 .text          0x8100b114      0x56c binaries/dns.o
                0x8100b1fc                dnslookup
 .text          0x8100b680      0x120 binaries/dot2ip.o
                0x8100b680                dot2ip
 .text          0x8100b7a0      0x33c binaries/hexdump.o
                0x8100b7a0                hexdump
                0x8100b900                hexadump
 .text          0x8100badc      0x660 binaries/icmp.o
                0x8100badc                icmp_init
                0x8100bb00                icmp_register
                0x8100bbbc                icmp_recv
                0x8100bd0c                icmp_mkpkt
                0x8100bdfc                icmp_in
                0x8100bf48                icmp_send
                0x8100bfb8                icmp_release
                0x8100c074                icmp_cksum
                0x8100c0d4                icmp_hton
                0x8100c108                icmp_ntoh
 .text          0x8100c13c      0x674 binaries/ip.o
                0x8100c13c                ip_local
                0x8100c16c                ipcksum
                0x8100c1b0                ip_ntoh
                0x8100c254                ip_in
                0x8100c390                ip_hton
                0x8100c434                ip_out
                0x8100c4e8                ip_send
                0x8100c618                ipout
                0x8100c714                ip_enqueue
 .text          0x8100c7b0      0x24c binaries/net.o
                0x8100c7b0                net_init
                0x8100c8bc                eth_hton
                0x8100c8d0                eth_ntoh
                0x8100c8e4                netin
                0x8100c9ac                getport
 .text          0x8100c9fc       0x64 binaries/netstart.o
                0x8100c9fc                netstart
 .text          0x8100ca60      0x9dc binaries/pdump.o
                0x8100ca60                pdump
                0x8100cfec                pdumph
 .text          0x8100d43c      0x56c binaries/tftp.o
                0x8100d43c                tftp_send1
                0x8100d528                tftpget_mb
                0x8100d974                tftpget
 .text          0x8100d9a8      0x890 binaries/udp.o
                0x8100d9a8                udp_init
                0x8100d9d0                udp_in
                0x8100dabc                udp_register
                0x8100dbb8                udp_recv
                0x8100dcec                udp_recvaddr
                0x8100de3c                udp_send
                0x8100dfb4                udp_sendto
                0x8100e114                udp_release
                0x8100e1d0                udp_ntoh
                0x8100e204                udp_hton
 .text          0x8100e238      0x120 binaries/addargs.o
                0x8100e238                addargs
 .text          0x8100e358      0x2b4 binaries/lexan.o
                0x8100e358                lexan
 .text          0x8100e60c      0x6ac binaries/shell.o
                0x8100e60c                shell
 .text          0x8100ecb8       0x64 binaries/xsh_argecho.o
                0x8100ecb8                xsh_argecho
 .text          0x8100ed1c      0x1f8 binaries/xsh_arp.o
                0x8100ed1c                xsh_arp
 .text          0x8100ef14      0x23c binaries/xsh_cat.o
                0x8100ef14                xsh_cat
 .text          0x8100f150       0x5c binaries/xsh_clear.o
                0x8100f150                xsh_clear
 .text          0x8100f1ac      0x29c binaries/xsh_date.o
                0x8100f1ac                xsh_date
 .text          0x8100f448       0x98 binaries/xsh_devdump.o
                0x8100f448                xsh_devdump
 .text          0x8100f4e0       0x68 binaries/xsh_echo.o
                0x8100f4e0                xsh_echo
 .text          0x8100f548        0x8 binaries/xsh_exit.o
                0x8100f548                xsh_exit
 .text          0x8100f550      0x3d0 binaries/xsh_help.o
                0x8100f550                xsh_help
 .text          0x8100f920      0x1f8 binaries/xsh_kill.o
                0x8100f920                xsh_kill
 .text          0x8100fb18      0x490 binaries/xsh_memdump.o
                0x8100fc14                xsh_memdump
 .text          0x8100ffa8      0x224 binaries/xsh_memstat.o
                0x8100ffa8                xsh_memstat
 .text          0x810101cc      0x3fc binaries/xsh_netinfo.o
                0x810101cc                xsh_netinfo
 .text          0x810105c8      0x3b0 binaries/xsh_ping.o
                0x810105c8                xsh_ping
 .text          0x81010978      0x220 binaries/xsh_ps.o
                0x81010978                xsh_ps
 .text          0x81010b98      0x1cc binaries/xsh_sleep.o
                0x81010b98                xsh_sleep
 .text          0x81010d64      0x244 binaries/xsh_udpdump.o
                0x81010d64                xsh_udpdump
 .text          0x81010fa8      0x400 binaries/xsh_udpecho.o
                0x81010fa8                xsh_udpecho
 .text          0x810113a8      0x254 binaries/xsh_udpserver.o
                0x810113a8                xsh_udpeserver
 .text          0x810115fc      0x1ac binaries/xsh_uptime.o
                0x810115fc                xsh_uptime
 .text          0x810117a8       0x8c binaries/cleanup.o
                0x810117a8                cleanup
 .text          0x81011834      0x4f0 binaries/cmsg_handler.o
                0x81011834                cmsg_handler
 .text          0x81011d24       0xcc binaries/init_topo.o
                0x81011d24                init_topo
 .text          0x81011df0        0x0 binaries/macs.o
 .text          0x81011df0       0xe4 binaries/monitor.o
                0x81011df0                monitor
 .text          0x81011ed4      0x880 binaries/nping.o
                0x81011ed4                nping_in
                0x81012048                nping_all_in
                0x810122ac                nping
                0x810123a0                nping_all
                0x81012484                nping_all_reply
                0x810125b8                pingall
                0x8101269c                pingall_reply
 .text          0x81012754      0x148 binaries/print_topo.o
                0x81012754                print_topo
 .text          0x8101289c       0xac binaries/settime.o
                0x8101289c                settime
 .text          0x81012948      0x8d8 binaries/testbed.o
                0x81012948                testbed_proc
                0x81012f08                testbed_init
                0x81012fa0                testbed_in
 .text          0x81013220      0x2d4 binaries/testbed_assign.o
                0x81013220                get_bbbid
                0x81013284                testbed_assign
 .text          0x810134f4      0x560 binaries/topology.o
                0x810134f4                topo_read
                0x81013810                newtop
                0x81013950                toporeply
 .text          0x81013a54      0x1d0 binaries/wsserver.o
                0x81013a54                create_etherPkt
                0x81013a64                wsserver
 .text          0x81013c24      0x108 binaries/xonoff.o
                0x81013c24                wsserver_xonoff
 .text          0x81013d2c       0x2c binaries/ctxsw.o
                0x81013d2c                ctxsw
 .text          0x81013d58      0x100 binaries/intr.o
                0x81013d58                disable
                0x81013d64                restore
                0x81013d88                enable
                0x81013d90                pause
                0x81013d90                halt
                0x81013d98                irq_except
                0x81013dc8                initevec
                0x81013e28                expjmpinstr
 .text          0x81013e58      0x114 ../cross_compiler/lib/gcc/arm-none-eabi/4.8.1//libgcc.a(_udivsi3.o)
                0x81013e58                __udivsi3
                0x81013e58                __aeabi_uidiv
                0x81013f4c                __aeabi_uidivmod
 .text          0x81013f6c      0x148 ../cross_compiler/lib/gcc/arm-none-eabi/4.8.1//libgcc.a(_divsi3.o)
                0x81013f6c                __aeabi_idiv
                0x81013f6c                __divsi3
                0x81014094                __aeabi_idivmod
 .text          0x810140b4        0x4 ../cross_compiler/lib/gcc/arm-none-eabi/4.8.1//libgcc.a(_dvmd_tls.o)
                0x810140b4                __aeabi_ldiv0
                0x810140b4                __aeabi_idiv0
 .text          0x810140b8      0x49c ../cross_compiler/lib/gcc/arm-none-eabi/4.8.1//libgcc.a(_arm_muldivdf3.o)
                0x810140b8                __aeabi_dmul
                0x810140b8                __muldf3
                0x81014348                __aeabi_ddiv
                0x81014348                __divdf3
 .text          0x81014554      0x144 ../cross_compiler/lib/gcc/arm-none-eabi/4.8.1//libgcc.a(_arm_cmpdf2.o)
                0x81014554                __gtdf2
                0x81014554                __gedf2
                0x8101455c                __ltdf2
                0x8101455c                __ledf2
                0x81014564                __cmpdf2
                0x81014564                __eqdf2
                0x81014564                __nedf2
                0x810145ec                __aeabi_cdrcmple
                0x81014608                __aeabi_cdcmple
                0x81014608                __aeabi_cdcmpeq
                0x81014620                __aeabi_dcmpeq
                0x81014638                __aeabi_dcmplt
                0x81014650                __aeabi_dcmple
                0x81014668                __aeabi_dcmpge
                0x81014680                __aeabi_dcmpgt
 .text          0x81014698       0x5c ../cross_compiler/lib/gcc/arm-none-eabi/4.8.1//libgcc.a(_arm_fixdfsi.o)
                0x81014698                __fixdfsi
                0x81014698                __aeabi_d2iz
 *(.rodata .rodata.*)
 .rodata.str1.4
                0x810146f4       0x78 binaries/ascdate.o
 .rodata.str1.4
                0x8101476c       0xd9 binaries/conf.o
                                 0xdc (size before relaxing)
 *fill*         0x81014845        0x3 
 .rodata.str1.4
                0x81014848       0x61 binaries/getutime.o
                                 0x64 (size before relaxing)
 *fill*         0x810148a9        0x3 
 .rodata.str1.4
                0x810148ac      0x12c binaries/initialize.o
                                0x130 (size before relaxing)
 .rodata.str1.4
                0x810149d8       0x31 binaries/main.o
                                 0x34 (size before relaxing)
 *fill*         0x81014a09        0x3 
 .rodata.str1.4
                0x81014a0c        0xf binaries/panic.o
                                 0x10 (size before relaxing)
 *fill*         0x81014a1b        0x1 
 .rodata.str1.4
                0x81014a1c       0x1d binaries/ptinit.o
                                 0x20 (size before relaxing)
 *fill*         0x81014a39        0x3 
 .rodata.str1.4
                0x81014a3c       0x25 binaries/ptsend.o
                                 0x28 (size before relaxing)
 *fill*         0x81014a61        0x3 
 .rodata.str1.4
                0x81014a64       0x27 binaries/xdone.o
                                 0x28 (size before relaxing)
 *fill*         0x81014a8b        0x1 
 .rodata        0x81014a8c       0x84 binaries/ctype_.o
                0x81014a8c                _ctype_
 .rodata.str1.4
                0x81014b10       0x2f binaries/doprnt.o
                                 0x30 (size before relaxing)
 .rodata.str1.4
                0x00000000       0x30 binaries/fdoprnt.o
 *fill*         0x81014b3f        0x1 
 .rodata.str1.4
                0x81014b40       0x86 binaries/naminit.o
                                 0x90 (size before relaxing)
 *fill*         0x81014bc6        0x2 
 .rodata.str1.4
                0x81014bc8       0xe5 binaries/ethinit.o
                                 0xe8 (size before relaxing)
 *fill*         0x81014cad        0x3 
 .rodata.str1.4
                0x81014cb0       0x12 binaries/ethread.o
                                 0x14 (size before relaxing)
 *fill*         0x81014cc2        0x2 
 .rodata.str1.4
                0x81014cc4       0x2c binaries/rdsbufalloc.o
 .rodata.str1.4
                0x81014cf0       0x76 binaries/rdscomm.o
                                 0x78 (size before relaxing)
 *fill*         0x81014d66        0x2 
 .rodata.str1.4
                0x81014d68       0x48 binaries/rdscontrol.o
 .rodata.str1.4
                0x81014db0       0x96 binaries/rdsinit.o
                                 0x98 (size before relaxing)
 *fill*         0x81014e46        0x2 
 .rodata.str1.4
                0x81014e48       0x22 binaries/rdsopen.o
                                 0x24 (size before relaxing)
 *fill*         0x81014e6a        0x2 
 .rodata.str1.4
                0x81014e6c       0x4d binaries/rdsprocess.o
                                 0x50 (size before relaxing)
 *fill*         0x81014eb9        0x3 
 .rodata.str1.4
                0x81014ebc        0x9 binaries/raminit.o
                                  0xc (size before relaxing)
 *fill*         0x81014ec5        0x3 
 .rodata.str1.4
                0x81014ec8       0x37 binaries/lfdballoc.o
                                 0x38 (size before relaxing)
 *fill*         0x81014eff        0x1 
 .rodata.str1.4
                0x81014f00       0x14 binaries/lfiballoc.o
 .rodata.str1.4
                0x81014f14       0x23 binaries/lflcontrol.o
                                 0x24 (size before relaxing)
 *fill*         0x81014f37        0x1 
 .rodata.str1.4
                0x81014f38      0x11f binaries/lfsckfmt.o
                                0x120 (size before relaxing)
 *fill*         0x81015057        0x1 
 .rodata.str1.4
                0x81015058       0x2a binaries/lfsopen.o
                                 0x2c (size before relaxing)
 *fill*         0x81015082        0x2 
 .rodata.str1.4
                0x81015084       0x21 binaries/rflread.o
                                 0x24 (size before relaxing)
 .rodata.str1.4
                0x00000000       0x24 binaries/rflwrite.o
 *fill*         0x810150a5        0x3 
 .rodata.str1.4
                0x810150a8       0x75 binaries/rfscomm.o
                                 0x78 (size before relaxing)
 *fill*         0x8101511d        0x3 
 .rodata.str1.4
                0x81015120       0x23 binaries/rfscontrol.o
                                 0x24 (size before relaxing)
 *fill*         0x81015143        0x1 
 .rodata.str1.4
                0x81015144       0x67 binaries/rfsinit.o
                                 0x68 (size before relaxing)
 *fill*         0x810151ab        0x1 
 .rodata.str1.4
                0x810151ac       0x2a binaries/rfsndmsg.o
                                 0x2c (size before relaxing)
 .rodata.str1.4
                0x00000000       0x24 binaries/rfsopen.o
 *fill*         0x810151d6        0x2 
 .rodata.str1.4
                0x810151d8       0x3d binaries/arp.o
                                 0x40 (size before relaxing)
 *fill*         0x81015215        0x3 
 .rodata.str1.4
                0x81015218       0xd3 binaries/dhcp.o
                                 0xd4 (size before relaxing)
 *fill*         0x810152eb        0x1 
 .rodata.str1.4
                0x810152ec       0x1a binaries/dns.o
                                 0x1c (size before relaxing)
 *fill*         0x81015306        0x2 
 .rodata.str1.4
                0x81015308       0xca binaries/hexdump.o
                                 0xd8 (size before relaxing)
 *fill*         0x810153d2        0x2 
 .rodata.str1.4
                0x810153d4       0x29 binaries/icmp.o
                                 0x2c (size before relaxing)
 *fill*         0x810153fd        0x3 
 .rodata.str1.4
                0x81015400       0x6e binaries/ip.o
                                 0x70 (size before relaxing)
 *fill*         0x8101546e        0x2 
 .rodata.str1.4
                0x81015470       0x53 binaries/net.o
                                 0x54 (size before relaxing)
 *fill*         0x810154c3        0x1 
 .rodata.str1.4
                0x810154c4       0x30 binaries/netstart.o
 .rodata.str1.4
                0x810154f4      0x286 binaries/pdump.o
                                0x298 (size before relaxing)
 *fill*         0x8101577a        0x2 
 .rodata.str1.4
                0x8101577c      0x154 binaries/tftp.o
                                0x158 (size before relaxing)
 .rodata        0x810158d0       0xfc binaries/shell.o
                0x810158d0                cmdtab
 .rodata.str1.4
                0x810159cc      0x2e6 binaries/shell.o
                                0x2f0 (size before relaxing)
 *fill*         0x81015cb2        0x2 
 .rodata.str1.4
                0x81015cb4       0x29 binaries/xsh_argecho.o
                                 0x30 (size before relaxing)
 *fill*         0x81015cdd        0x3 
 .rodata.str1.4
                0x81015ce0      0x13e binaries/xsh_arp.o
                                0x144 (size before relaxing)
 *fill*         0x81015e1e        0x2 
 .rodata.str1.4
                0x81015e20       0x81 binaries/xsh_cat.o
                                 0xd4 (size before relaxing)
 *fill*         0x81015ea1        0x3 
 .rodata.str1.4
                0x81015ea4       0x19 binaries/xsh_clear.o
                                 0x1c (size before relaxing)
 *fill*         0x81015ebd        0x3 
 .rodata.str1.4
                0x81015ec0      0x1af binaries/xsh_date.o
                                0x1cc (size before relaxing)
 *fill*         0x8101606f        0x1 
 .rodata.str1.4
                0x81016070       0x61 binaries/xsh_devdump.o
                                 0x64 (size before relaxing)
 *fill*         0x810160d1        0x3 
 .rodata.str1.4
                0x810160d4        0x8 binaries/xsh_echo.o
                                  0xc (size before relaxing)
 .rodata.str1.4
                0x810160dc       0xe7 binaries/xsh_help.o
                                0x17c (size before relaxing)
 *fill*         0x810161c3        0x1 
 .rodata.str1.4
                0x810161c4       0xc8 binaries/xsh_kill.o
                                0x138 (size before relaxing)
 .rodata.str1.4
                0x8101628c      0x226 binaries/xsh_memdump.o
                                0x27c (size before relaxing)
 *fill*         0x810164b2        0x2 
 .rodata.str1.4
                0x810164b4      0x1cc binaries/xsh_memstat.o
                                0x234 (size before relaxing)
 .rodata.str1.4
                0x81016680      0x10f binaries/xsh_netinfo.o
                                0x1cc (size before relaxing)
 *fill*         0x8101678f        0x1 
 .rodata.str1.4
                0x81016790      0x13f binaries/xsh_ping.o
                                0x1b4 (size before relaxing)
 *fill*         0x810168cf        0x1 
 .rodata        0x810168d0       0x20 binaries/xsh_ps.o
 .rodata.str1.4
                0x810168f0      0x11a binaries/xsh_ps.o
                                0x1d4 (size before relaxing)
 *fill*         0x81016a0a        0x2 
 .rodata.str1.4
                0x81016a0c       0x5e binaries/xsh_sleep.o
                                 0xf8 (size before relaxing)
 *fill*         0x81016a6a        0x2 
 .rodata        0x81016a6c        0xc binaries/xsh_udpdump.o
 .rodata.str1.4
                0x81016a78      0x122 binaries/xsh_udpdump.o
                                0x1e0 (size before relaxing)
 *fill*         0x81016b9a        0x2 
 .rodata.str1.4
                0x81016b9c      0x1ae binaries/xsh_udpecho.o
                                0x224 (size before relaxing)
 *fill*         0x81016d4a        0x2 
 .rodata.str1.4
                0x81016d4c       0x97 binaries/xsh_udpserver.o
                                0x13c (size before relaxing)
 *fill*         0x81016de3        0x1 
 .rodata.str1.4
                0x81016de4       0x77 binaries/xsh_uptime.o
                                0x114 (size before relaxing)
 *fill*         0x81016e5b        0x1 
 .rodata.str1.4
                0x81016e5c       0x4b binaries/cmsg_handler.o
                                 0x4c (size before relaxing)
 *fill*         0x81016ea7        0x1 
 .rodata.str1.4
                0x81016ea8       0x23 binaries/nping.o
                                 0x24 (size before relaxing)
 *fill*         0x81016ecb        0x1 
 .rodata.str1.4
                0x81016ecc       0x5a binaries/print_topo.o
                                 0x60 (size before relaxing)
 *fill*         0x81016f26        0x2 
 .rodata.str1.4
                0x81016f28      0x1c8 binaries/testbed.o
                                0x1cc (size before relaxing)
 .rodata.str1.4
                0x810170f0      0x108 binaries/testbed_assign.o
 .rodata.str1.4
                0x810171f8      0x102 binaries/topology.o
                                0x114 (size before relaxing)
 *fill*         0x810172fa        0x2 
 .rodata.str1.4
                0x810172fc       0xfc binaries/wsserver.o
                0x810173f8                etext = ABSOLUTE (.)
                0x81018000                . = ALIGN (0x1000)
 *fill*         0x810173f8      0xc08 

.glue_7         0x81018000        0x0
 .glue_7        0x00000000        0x0 linker stubs

.glue_7t        0x81018000        0x0
 .glue_7t       0x00000000        0x0 linker stubs

.vfp11_veneer   0x81018000        0x0
 .vfp11_veneer  0x00000000        0x0 linker stubs

.v4_bx          0x81018000        0x0
 .v4_bx         0x00000000        0x0 linker stubs

.iplt           0x81018000        0x0
 .iplt          0x00000000        0x0 binaries/start.o

.rel.dyn        0x81018000        0x0
 .rel.iplt      0x00000000        0x0 binaries/start.o

.data           0x81018000     0x1000
                0x81018000                data = ABSOLUTE (.)
 *(.data .data.*)
 .data          0x81018000        0x0 binaries/start.o
 .data          0x81018000       0x88 binaries/ascdate.o
                0x81018000                Date
 .data          0x81018088        0x0 binaries/bufinit.o
 .data          0x81018088        0x0 binaries/chprio.o
 .data          0x81018088        0x4 binaries/clkhandler.o
 .data          0x8101808c        0x0 binaries/clkinit.o
 .data          0x8101808c        0x0 binaries/close.o
 .data          0x8101808c      0x618 binaries/conf.o
                0x8101808c                devtab
 .data          0x810186a4        0x0 binaries/control.o
 .data          0x810186a4        0x4 binaries/create.o
 .data          0x810186a8       0x40 binaries/evec.o
                0x810186a8                expmsg2
                0x810186bc                expmsg1
 .data          0x810186e8        0x0 binaries/exit.o
 .data          0x810186e8        0x0 binaries/freebuf.o
 .data          0x810186e8        0x0 binaries/freemem.o
 .data          0x810186e8        0x0 binaries/getbuf.o
 .data          0x810186e8        0x0 binaries/getc.o
 .data          0x810186e8        0x0 binaries/getdev.o
 .data          0x810186e8        0x0 binaries/getitem.o
 .data          0x810186e8        0x0 binaries/getmem.o
 .data          0x810186e8        0x0 binaries/getpid.o
 .data          0x810186e8        0x0 binaries/getprio.o
 .data          0x810186e8        0x0 binaries/getstk.o
 .data          0x810186e8        0x0 binaries/getticks.o
 .data          0x810186e8        0x0 binaries/gettime.o
 .data          0x810186e8        0x0 binaries/getutime.o
 .data          0x810186e8        0x0 binaries/init.o
 .data          0x810186e8        0x0 binaries/initialize.o
 .data          0x810186e8        0x0 binaries/insert.o
 .data          0x810186e8        0x0 binaries/insertd.o
 .data          0x810186e8        0x0 binaries/ioerr.o
 .data          0x810186e8        0x0 binaries/ionull.o
 .data          0x810186e8        0x0 binaries/kill.o
 .data          0x810186e8        0x0 binaries/kprintf.o
 .data          0x810186e8        0x0 binaries/main.o
 .data          0x810186e8        0x0 binaries/mark.o
 .data          0x810186e8        0x0 binaries/meminit.o
 .data          0x810186e8        0x0 binaries/mkbufpool.o
 .data          0x810186e8        0x2 binaries/newqueue.o
 .data          0x810186ea        0x0 binaries/open.o
 .data          0x810186ea        0x0 binaries/panic.o
 .data          0x810186ea        0x0 binaries/platinit.o
 .data          0x810186ea        0x0 binaries/ptclear.o
 .data          0x810186ea        0x0 binaries/ptcount.o
 .data          0x810186ea        0x0 binaries/ptcreate.o
 .data          0x810186ea        0x0 binaries/ptdelete.o
 .data          0x810186ea        0x0 binaries/ptinit.o
 .data          0x810186ea        0x0 binaries/ptrecv.o
 .data          0x810186ea        0x0 binaries/ptreset.o
 .data          0x810186ea        0x0 binaries/ptsend.o
 .data          0x810186ea        0x0 binaries/putc.o
 .data          0x810186ea        0x0 binaries/queue.o
 .data          0x810186ea        0x0 binaries/read.o
 .data          0x810186ea        0x0 binaries/ready.o
 .data          0x810186ea        0x0 binaries/receive.o
 .data          0x810186ea        0x0 binaries/recvclr.o
 .data          0x810186ea        0x0 binaries/recvtime.o
 .data          0x810186ea        0x0 binaries/resched.o
 .data          0x810186ea        0x0 binaries/resume.o
 .data          0x810186ea        0x0 binaries/seek.o
 .data          0x810186ea        0x0 binaries/semcount.o
 .data          0x810186ea        0x0 binaries/semcreate.o
 .data          0x810186ea        0x0 binaries/semdelete.o
 .data          0x810186ea        0x0 binaries/semreset.o
 .data          0x810186ea        0x0 binaries/send.o
 .data          0x810186ea        0x0 binaries/signal.o
 .data          0x810186ea        0x0 binaries/signaln.o
 .data          0x810186ea        0x0 binaries/sleep.o
 .data          0x810186ea        0x0 binaries/suspend.o
 .data          0x810186ea        0x0 binaries/unsleep.o
 .data          0x810186ea        0x0 binaries/userret.o
 .data          0x810186ea        0x0 binaries/wait.o
 .data          0x810186ea        0x0 binaries/wakeup.o
 .data          0x810186ea        0x0 binaries/write.o
 .data          0x810186ea        0x0 binaries/xdone.o
 .data          0x810186ea        0x0 binaries/yield.o
 .data          0x810186ea        0x0 binaries/abs.o
 .data          0x810186ea        0x0 binaries/atoi.o
 .data          0x810186ea        0x0 binaries/atol.o
 .data          0x810186ea        0x0 binaries/bzero.o
 .data          0x810186ea        0x0 binaries/ctype_.o
 .data          0x810186ea        0x0 binaries/doprnt.o
 *fill*         0x810186ea        0x2 
 .data          0x810186ec       0x80 binaries/doscan.o
                0x810186ec                _sctab
 .data          0x8101876c        0x0 binaries/fdoprnt.o
 .data          0x8101876c        0x0 binaries/fgetc.o
 .data          0x8101876c        0x0 binaries/fgets.o
 .data          0x8101876c        0x0 binaries/fprintf.o
 .data          0x8101876c        0x0 binaries/fputc.o
 .data          0x8101876c        0x0 binaries/fputs.o
 .data          0x8101876c        0x0 binaries/fscanf.o
 .data          0x8101876c        0x0 binaries/getchar.o
 .data          0x8101876c        0x0 binaries/labs.o
 .data          0x8101876c        0x0 binaries/memchr.o
 .data          0x8101876c        0x0 binaries/memcmp.o
 .data          0x8101876c        0x0 binaries/memcpy.o
 .data          0x8101876c        0x0 binaries/memset.o
 .data          0x8101876c        0x0 binaries/printf.o
 .data          0x8101876c        0x0 binaries/putchar.o
 .data          0x8101876c        0x0 binaries/qsort.o
 .data          0x8101876c        0x4 binaries/rand.o
 .data          0x81018770        0x0 binaries/sprintf.o
 .data          0x81018770        0x0 binaries/sscanf.o
 .data          0x81018770        0x0 binaries/strchr.o
 .data          0x81018770        0x0 binaries/strcmp.o
 .data          0x81018770        0x0 binaries/strcpy.o
 .data          0x81018770        0x0 binaries/strlen.o
 .data          0x81018770        0x0 binaries/strncat.o
 .data          0x81018770        0x0 binaries/strncmp.o
 .data          0x81018770        0x0 binaries/strncpy.o
 .data          0x81018770        0x0 binaries/strnlen.o
 .data          0x81018770        0x0 binaries/strrchr.o
 .data          0x81018770        0x0 binaries/strstr.o
 .data          0x81018770        0x0 binaries/ttycontrol.o
 .data          0x81018770        0x0 binaries/ttygetc.o
 .data          0x81018770        0x0 binaries/ttyhandle_in.o
 .data          0x81018770        0x0 binaries/ttyhandle_out.o
 .data          0x81018770        0x0 binaries/ttyhandler.o
 .data          0x81018770        0x0 binaries/ttyinit.o
 .data          0x81018770        0x0 binaries/ttykickout.o
 .data          0x81018770        0x0 binaries/ttyputc.o
 .data          0x81018770        0x0 binaries/ttyread.o
 .data          0x81018770        0x0 binaries/ttywrite.o
 .data          0x81018770        0x0 binaries/mount.o
 .data          0x81018770        0x0 binaries/naminit.o
 .data          0x81018770        0x0 binaries/nammap.o
 .data          0x81018770        0x0 binaries/namopen.o
 .data          0x81018770        0x0 binaries/ethcontrol.o
 .data          0x81018770        0x0 binaries/ethhandler.o
 .data          0x81018770        0x0 binaries/ethinit.o
 .data          0x81018770        0x0 binaries/ethread.o
 .data          0x81018770        0x0 binaries/ethwrite.o
 .data          0x81018770        0x0 binaries/rdsbufalloc.o
 .data          0x81018770        0x0 binaries/rdsclose.o
 .data          0x81018770        0x0 binaries/rdscomm.o
 .data          0x81018770        0x0 binaries/rdscontrol.o
 .data          0x81018770        0x0 binaries/rdsinit.o
 .data          0x81018770        0x0 binaries/rdsopen.o
 .data          0x81018770        0x0 binaries/rdsprocess.o
 .data          0x81018770        0x0 binaries/rdsread.o
 .data          0x81018770        0x0 binaries/rdswrite.o
 .data          0x81018770        0x0 binaries/ramclose.o
 .data          0x81018770        0x0 binaries/raminit.o
 .data          0x81018770        0x0 binaries/ramopen.o
 .data          0x81018770        0x0 binaries/ramread.o
 .data          0x81018770        0x0 binaries/ramwrite.o
 .data          0x81018770        0x0 binaries/lfdballoc.o
 .data          0x81018770        0x0 binaries/lfdbfree.o
 .data          0x81018770        0x0 binaries/lfflush.o
 .data          0x81018770        0x0 binaries/lfgetmode.o
 .data          0x81018770        0x0 binaries/lfiballoc.o
 .data          0x81018770        0x0 binaries/lfibclear.o
 .data          0x81018770        0x0 binaries/lfibget.o
 .data          0x81018770        0x0 binaries/lfibput.o
 .data          0x81018770        0x0 binaries/lflclose.o
 .data          0x81018770        0x0 binaries/lflcontrol.o
 .data          0x81018770        0x0 binaries/lflgetc.o
 .data          0x81018770        0x0 binaries/lflinit.o
 .data          0x81018770        0x0 binaries/lflputc.o
 .data          0x81018770        0x0 binaries/lflread.o
 .data          0x81018770        0x0 binaries/lflseek.o
 .data          0x81018770        0x0 binaries/lflwrite.o
 .data          0x81018770        0x0 binaries/lfscheck.o
 .data          0x81018770        0x0 binaries/lfsckfmt.o
 .data          0x81018770        0x0 binaries/lfscreate.o
 .data          0x81018770        0x0 binaries/lfsetup.o
 .data          0x81018770        0x0 binaries/lfsinit.o
 .data          0x81018770        0x0 binaries/lfsopen.o
 .data          0x81018770        0x0 binaries/lftruncate.o
 .data          0x81018770        0x0 binaries/rflclose.o
 .data          0x81018770        0x0 binaries/rflgetc.o
 .data          0x81018770        0x0 binaries/rflinit.o
 .data          0x81018770        0x0 binaries/rflputc.o
 .data          0x81018770        0x0 binaries/rflread.o
 .data          0x81018770        0x0 binaries/rflseek.o
 .data          0x81018770        0x0 binaries/rflwrite.o
 .data          0x81018770        0x0 binaries/rfscomm.o
 .data          0x81018770        0x0 binaries/rfscontrol.o
 .data          0x81018770        0x0 binaries/rfsgetmode.o
 .data          0x81018770        0x0 binaries/rfsinit.o
 .data          0x81018770        0x0 binaries/rfsndmsg.o
 .data          0x81018770        0x0 binaries/rfsopen.o
 .data          0x81018770        0x0 binaries/spicontrol.o
 .data          0x81018770        0x0 binaries/spiinit.o
 .data          0x81018770        0x0 binaries/arp.o
 .data          0x81018770        0x0 binaries/dhcp.o
 .data          0x81018770        0x0 binaries/dns.o
 .data          0x81018770        0x0 binaries/dot2ip.o
 .data          0x81018770        0x0 binaries/hexdump.o
 .data          0x81018770        0x4 binaries/icmp.o
 .data          0x81018774        0x0 binaries/ip.o
 .data          0x81018774        0x0 binaries/net.o
 .data          0x81018774        0x0 binaries/netstart.o
 .data          0x81018774        0x0 binaries/pdump.o
 .data          0x81018774        0x0 binaries/tftp.o
 .data          0x81018774        0x4 binaries/udp.o
 .data          0x81018778        0x0 binaries/addargs.o
 .data          0x81018778        0x0 binaries/lexan.o
 .data          0x81018778        0x4 binaries/shell.o
                0x81018778                ncmd
 .data          0x8101877c        0x0 binaries/xsh_argecho.o
 .data          0x8101877c        0x0 binaries/xsh_arp.o
 .data          0x8101877c        0x0 binaries/xsh_cat.o
 .data          0x8101877c        0x0 binaries/xsh_clear.o
 .data          0x8101877c        0x0 binaries/xsh_date.o
 .data          0x8101877c        0x0 binaries/xsh_devdump.o
 .data          0x8101877c        0x0 binaries/xsh_echo.o
 .data          0x8101877c        0x0 binaries/xsh_exit.o
 .data          0x8101877c        0x0 binaries/xsh_help.o
 .data          0x8101877c        0x0 binaries/xsh_kill.o
 .data          0x8101877c        0x0 binaries/xsh_memdump.o
 .data          0x8101877c        0x0 binaries/xsh_memstat.o
 .data          0x8101877c        0x0 binaries/xsh_netinfo.o
 .data          0x8101877c        0x0 binaries/xsh_ping.o
 .data          0x8101877c        0x0 binaries/xsh_ps.o
 .data          0x8101877c        0x0 binaries/xsh_sleep.o
 .data          0x8101877c        0x0 binaries/xsh_udpdump.o
 .data          0x8101877c        0x0 binaries/xsh_udpecho.o
 .data          0x8101877c        0x0 binaries/xsh_udpserver.o
 .data          0x8101877c        0x0 binaries/xsh_uptime.o
 .data          0x8101877c        0x0 binaries/cleanup.o
 .data          0x8101877c        0x0 binaries/cmsg_handler.o
 .data          0x8101877c        0x0 binaries/init_topo.o
 .data          0x8101877c      0x1f8 binaries/macs.o
                0x8101877c                bbb_macs
 .data          0x81018974        0x0 binaries/monitor.o
 .data          0x81018974        0x0 binaries/nping.o
 .data          0x81018974        0x0 binaries/print_topo.o
 .data          0x81018974        0x0 binaries/settime.o
 .data          0x81018974        0x0 binaries/testbed.o
 .data          0x81018974        0x0 binaries/testbed_assign.o
 .data          0x81018974        0x0 binaries/topology.o
 .data          0x81018974        0x4 binaries/wsserver.o
                0x81018974                online
 .data          0x81018978        0x0 binaries/xonoff.o
 .data          0x81018978        0x0 binaries/ctxsw.o
 .data          0x81018978        0x0 binaries/intr.o
 .data          0x81018978        0x0 ../cross_compiler/lib/gcc/arm-none-eabi/4.8.1//libgcc.a(_udivsi3.o)
 .data          0x81018978        0x0 ../cross_compiler/lib/gcc/arm-none-eabi/4.8.1//libgcc.a(_divsi3.o)
 .data          0x81018978        0x0 ../cross_compiler/lib/gcc/arm-none-eabi/4.8.1//libgcc.a(_dvmd_tls.o)
 .data          0x81018978        0x0 ../cross_compiler/lib/gcc/arm-none-eabi/4.8.1//libgcc.a(_arm_muldivdf3.o)
 .data          0x81018978        0x0 ../cross_compiler/lib/gcc/arm-none-eabi/4.8.1//libgcc.a(_arm_cmpdf2.o)
 .data          0x81018978        0x0 ../cross_compiler/lib/gcc/arm-none-eabi/4.8.1//libgcc.a(_arm_fixdfsi.o)
                0x81018978                edata = ABSOLUTE (.)
                0x81019000                . = ALIGN (0x1000)
 *fill*         0x81018978      0x688 

.igot.plt       0x81019000        0x0
 .igot.plt      0x00000000        0x0 binaries/start.o

.bss            0x81019000    0x25000
                0x81019000                bss = ABSOLUTE (.)
 *(.bss .bss.*)
 .bss           0x81019000        0x0 binaries/start.o
 .bss           0x81019000        0x0 binaries/ascdate.o
 .bss           0x81019000        0x0 binaries/bufinit.o
 .bss           0x81019000        0x0 binaries/chprio.o
 .bss           0x81019000        0x0 binaries/clkhandler.o
 .bss           0x81019000        0x4 binaries/clkinit.o
                0x81019000                ctr1000
 .bss           0x81019004        0x0 binaries/close.o
 .bss           0x81019004        0x0 binaries/conf.o
 .bss           0x81019004        0x0 binaries/control.o
 .bss           0x81019004        0x0 binaries/create.o
 .bss           0x81019004        0x0 binaries/evec.o
 .bss           0x81019004        0x0 binaries/exit.o
 .bss           0x81019004        0x0 binaries/freebuf.o
 .bss           0x81019004        0x0 binaries/freemem.o
 .bss           0x81019004        0x0 binaries/getbuf.o
 .bss           0x81019004        0x0 binaries/getc.o
 .bss           0x81019004        0x0 binaries/getdev.o
 .bss           0x81019004        0x0 binaries/getitem.o
 .bss           0x81019004        0x0 binaries/getmem.o
 .bss           0x81019004        0x0 binaries/getpid.o
 .bss           0x81019004        0x0 binaries/getprio.o
 .bss           0x81019004        0x0 binaries/getstk.o
 .bss           0x81019004        0x0 binaries/getticks.o
 .bss           0x81019004        0x0 binaries/gettime.o
 .bss           0x81019004        0x0 binaries/getutime.o
 .bss           0x81019004        0x0 binaries/init.o
 .bss           0x81019004        0x0 binaries/initialize.o
 .bss           0x81019004        0x0 binaries/insert.o
 .bss           0x81019004        0x0 binaries/insertd.o
 .bss           0x81019004        0x0 binaries/ioerr.o
 .bss           0x81019004        0x0 binaries/ionull.o
 .bss           0x81019004        0x0 binaries/kill.o
 .bss           0x81019004        0x0 binaries/kprintf.o
 .bss           0x81019004        0x0 binaries/main.o
 .bss           0x81019004        0x0 binaries/mark.o
 .bss           0x81019004        0x0 binaries/meminit.o
 .bss           0x81019004        0x0 binaries/mkbufpool.o
 .bss           0x81019004        0x0 binaries/newqueue.o
 .bss           0x81019004        0x0 binaries/open.o
 .bss           0x81019004        0x0 binaries/panic.o
 .bss           0x81019004        0x0 binaries/platinit.o
 .bss           0x81019004        0x0 binaries/ptclear.o
 .bss           0x81019004        0x0 binaries/ptcount.o
 .bss           0x81019004        0x0 binaries/ptcreate.o
 .bss           0x81019004        0x0 binaries/ptdelete.o
 .bss           0x81019004        0x0 binaries/ptinit.o
 .bss           0x81019004        0x0 binaries/ptrecv.o
 .bss           0x81019004        0x0 binaries/ptreset.o
 .bss           0x81019004        0x0 binaries/ptsend.o
 .bss           0x81019004        0x0 binaries/putc.o
 .bss           0x81019004        0x0 binaries/queue.o
 .bss           0x81019004        0x0 binaries/read.o
 .bss           0x81019004        0x0 binaries/ready.o
 .bss           0x81019004        0x0 binaries/receive.o
 .bss           0x81019004        0x0 binaries/recvclr.o
 .bss           0x81019004        0x0 binaries/recvtime.o
 .bss           0x81019004        0x0 binaries/resched.o
 .bss           0x81019004        0x0 binaries/resume.o
 .bss           0x81019004        0x0 binaries/seek.o
 .bss           0x81019004        0x0 binaries/semcount.o
 .bss           0x81019004        0x4 binaries/semcreate.o
 .bss           0x81019008        0x0 binaries/semdelete.o
 .bss           0x81019008        0x0 binaries/semreset.o
 .bss           0x81019008        0x0 binaries/send.o
 .bss           0x81019008        0x0 binaries/signal.o
 .bss           0x81019008        0x0 binaries/signaln.o
 .bss           0x81019008        0x0 binaries/sleep.o
 .bss           0x81019008        0x0 binaries/suspend.o
 .bss           0x81019008        0x0 binaries/unsleep.o
 .bss           0x81019008        0x0 binaries/userret.o
 .bss           0x81019008        0x0 binaries/wait.o
 .bss           0x81019008        0x0 binaries/wakeup.o
 .bss           0x81019008        0x0 binaries/write.o
 .bss           0x81019008        0x0 binaries/xdone.o
 .bss           0x81019008        0x0 binaries/yield.o
 .bss           0x81019008        0x0 binaries/abs.o
 .bss           0x81019008        0x0 binaries/atoi.o
 .bss           0x81019008        0x0 binaries/atol.o
 .bss           0x81019008        0x0 binaries/bzero.o
 .bss           0x81019008        0x0 binaries/ctype_.o
 .bss           0x81019008        0x0 binaries/doprnt.o
 .bss           0x81019008        0x0 binaries/doscan.o
 .bss           0x81019008        0x0 binaries/fdoprnt.o
 .bss           0x81019008        0x0 binaries/fgetc.o
 .bss           0x81019008        0x0 binaries/fgets.o
 .bss           0x81019008        0x0 binaries/fprintf.o
 .bss           0x81019008        0x0 binaries/fputc.o
 .bss           0x81019008        0x0 binaries/fputs.o
 .bss           0x81019008        0x0 binaries/fscanf.o
 .bss           0x81019008        0x0 binaries/getchar.o
 .bss           0x81019008        0x0 binaries/labs.o
 .bss           0x81019008        0x0 binaries/memchr.o
 .bss           0x81019008        0x0 binaries/memcmp.o
 .bss           0x81019008        0x0 binaries/memcpy.o
 .bss           0x81019008        0x0 binaries/memset.o
 .bss           0x81019008        0x0 binaries/printf.o
 .bss           0x81019008        0x0 binaries/putchar.o
 .bss           0x81019008        0x8 binaries/qsort.o
 .bss           0x81019010        0x0 binaries/rand.o
 .bss           0x81019010        0x0 binaries/sprintf.o
 .bss           0x81019010        0x0 binaries/sscanf.o
 .bss           0x81019010        0x0 binaries/strchr.o
 .bss           0x81019010        0x0 binaries/strcmp.o
 .bss           0x81019010        0x0 binaries/strcpy.o
 .bss           0x81019010        0x0 binaries/strlen.o
 .bss           0x81019010        0x0 binaries/strncat.o
 .bss           0x81019010        0x0 binaries/strncmp.o
 .bss           0x81019010        0x0 binaries/strncpy.o
 .bss           0x81019010        0x0 binaries/strnlen.o
 .bss           0x81019010        0x0 binaries/strrchr.o
 .bss           0x81019010        0x0 binaries/strstr.o
 .bss           0x81019010        0x0 binaries/ttycontrol.o
 .bss           0x81019010        0x0 binaries/ttygetc.o
 .bss           0x81019010        0x0 binaries/ttyhandle_in.o
 .bss           0x81019010        0x0 binaries/ttyhandle_out.o
 .bss           0x81019010        0x0 binaries/ttyhandler.o
 .bss           0x81019010        0x0 binaries/ttyinit.o
 .bss           0x81019010        0x0 binaries/ttykickout.o
 .bss           0x81019010        0x0 binaries/ttyputc.o
 .bss           0x81019010        0x0 binaries/ttyread.o
 .bss           0x81019010        0x0 binaries/ttywrite.o
 .bss           0x81019010        0x0 binaries/mount.o
 .bss           0x81019010        0x0 binaries/naminit.o
 .bss           0x81019010        0x0 binaries/nammap.o
 .bss           0x81019010        0x0 binaries/namopen.o
 .bss           0x81019010        0x0 binaries/ethcontrol.o
 .bss           0x81019010        0x0 binaries/ethhandler.o
 .bss           0x81019010        0x0 binaries/ethinit.o
 .bss           0x81019010        0x0 binaries/ethread.o
 .bss           0x81019010        0x0 binaries/ethwrite.o
 .bss           0x81019010        0x0 binaries/rdsbufalloc.o
 .bss           0x81019010        0x0 binaries/rdsclose.o
 .bss           0x81019010        0x0 binaries/rdscomm.o
 .bss           0x81019010        0x0 binaries/rdscontrol.o
 .bss           0x81019010        0x0 binaries/rdsinit.o
 .bss           0x81019010        0x0 binaries/rdsopen.o
 .bss           0x81019010        0x0 binaries/rdsprocess.o
 .bss           0x81019010        0x0 binaries/rdsread.o
 .bss           0x81019010        0x0 binaries/rdswrite.o
 .bss           0x81019010        0x0 binaries/ramclose.o
 .bss           0x81019010        0x0 binaries/raminit.o
 .bss           0x81019010        0x0 binaries/ramopen.o
 .bss           0x81019010        0x0 binaries/ramread.o
 .bss           0x81019010        0x0 binaries/ramwrite.o
 .bss           0x81019010        0x0 binaries/lfdballoc.o
 .bss           0x81019010        0x0 binaries/lfdbfree.o
 .bss           0x81019010        0x0 binaries/lfflush.o
 .bss           0x81019010        0x0 binaries/lfgetmode.o
 .bss           0x81019010        0x0 binaries/lfiballoc.o
 .bss           0x81019010        0x0 binaries/lfibclear.o
 .bss           0x81019010        0x0 binaries/lfibget.o
 .bss           0x81019010        0x0 binaries/lfibput.o
 .bss           0x81019010        0x0 binaries/lflclose.o
 .bss           0x81019010        0x0 binaries/lflcontrol.o
 .bss           0x81019010        0x0 binaries/lflgetc.o
 .bss           0x81019010        0x0 binaries/lflinit.o
 .bss           0x81019010        0x0 binaries/lflputc.o
 .bss           0x81019010        0x0 binaries/lflread.o
 .bss           0x81019010        0x0 binaries/lflseek.o
 .bss           0x81019010        0x0 binaries/lflwrite.o
 .bss           0x81019010        0x0 binaries/lfscheck.o
 .bss           0x81019010        0x0 binaries/lfsckfmt.o
 .bss           0x81019010        0x0 binaries/lfscreate.o
 .bss           0x81019010        0x0 binaries/lfsetup.o
 .bss           0x81019010        0x0 binaries/lfsinit.o
 .bss           0x81019010        0x0 binaries/lfsopen.o
 .bss           0x81019010        0x0 binaries/lftruncate.o
 .bss           0x81019010        0x0 binaries/rflclose.o
 .bss           0x81019010        0x0 binaries/rflgetc.o
 .bss           0x81019010        0x0 binaries/rflinit.o
 .bss           0x81019010        0x0 binaries/rflputc.o
 .bss           0x81019010        0x0 binaries/rflread.o
 .bss           0x81019010        0x0 binaries/rflseek.o
 .bss           0x81019010        0x0 binaries/rflwrite.o
 .bss           0x81019010        0x0 binaries/rfscomm.o
 .bss           0x81019010        0x0 binaries/rfscontrol.o
 .bss           0x81019010        0x0 binaries/rfsgetmode.o
 .bss           0x81019010        0x0 binaries/rfsinit.o
 .bss           0x81019010        0x0 binaries/rfsndmsg.o
 .bss           0x81019010        0x0 binaries/rfsopen.o
 .bss           0x81019010        0x0 binaries/spicontrol.o
 .bss           0x81019010        0x0 binaries/spiinit.o
 .bss           0x81019010        0x0 binaries/arp.o
 .bss           0x81019010        0x0 binaries/dhcp.o
 .bss           0x81019010        0x0 binaries/dns.o
 .bss           0x81019010        0x0 binaries/dot2ip.o
 .bss           0x81019010        0x0 binaries/hexdump.o
 .bss           0x81019010        0x0 binaries/icmp.o
 .bss           0x81019010        0x0 binaries/ip.o
 .bss           0x81019010        0x0 binaries/net.o
 .bss           0x81019010        0x0 binaries/netstart.o
 .bss           0x81019010        0x0 binaries/pdump.o
 .bss           0x81019010        0x0 binaries/tftp.o
 .bss           0x81019010        0x0 binaries/udp.o
 .bss           0x81019010        0x0 binaries/addargs.o
 .bss           0x81019010        0x0 binaries/lexan.o
 .bss           0x81019010        0x0 binaries/shell.o
 .bss           0x81019010        0x0 binaries/xsh_argecho.o
 .bss           0x81019010        0x0 binaries/xsh_arp.o
 .bss           0x81019010        0x0 binaries/xsh_cat.o
 .bss           0x81019010        0x0 binaries/xsh_clear.o
 .bss           0x81019010        0x0 binaries/xsh_date.o
 .bss           0x81019010        0x0 binaries/xsh_devdump.o
 .bss           0x81019010        0x0 binaries/xsh_echo.o
 .bss           0x81019010        0x0 binaries/xsh_exit.o
 .bss           0x81019010        0x0 binaries/xsh_help.o
 .bss           0x81019010        0x0 binaries/xsh_kill.o
 .bss           0x81019010        0x0 binaries/xsh_memdump.o
 .bss           0x81019010        0x0 binaries/xsh_memstat.o
 .bss           0x81019010        0x0 binaries/xsh_netinfo.o
 .bss           0x81019010        0x4 binaries/xsh_ping.o
 .bss           0x81019014        0x0 binaries/xsh_ps.o
 .bss           0x81019014        0x0 binaries/xsh_sleep.o
 .bss           0x81019014        0x0 binaries/xsh_udpdump.o
 .bss           0x81019014        0x0 binaries/xsh_udpecho.o
 .bss           0x81019014        0x0 binaries/xsh_udpserver.o
 .bss           0x81019014        0x0 binaries/xsh_uptime.o
 .bss           0x81019014        0x0 binaries/cleanup.o
 .bss           0x81019014        0x0 binaries/cmsg_handler.o
 .bss           0x81019014        0x0 binaries/init_topo.o
 .bss           0x81019014        0x0 binaries/macs.o
 .bss           0x81019014        0x0 binaries/monitor.o
 .bss           0x81019014        0x0 binaries/nping.o
 .bss           0x81019014        0x0 binaries/print_topo.o
 .bss           0x81019014        0x0 binaries/settime.o
 .bss           0x81019014        0x0 binaries/testbed.o
 .bss           0x81019014        0x0 binaries/testbed_assign.o
 .bss           0x81019014        0x0 binaries/topology.o
 .bss           0x81019014        0x8 binaries/wsserver.o
                0x81019014                nnodes
                0x81019018                nodeid
 .bss           0x8101901c        0x0 binaries/xonoff.o
 .bss           0x8101901c        0x0 binaries/ctxsw.o
 .bss           0x8101901c        0x0 binaries/intr.o
 .bss           0x8101901c        0x0 ../cross_compiler/lib/gcc/arm-none-eabi/4.8.1//libgcc.a(_udivsi3.o)
 .bss           0x8101901c        0x0 ../cross_compiler/lib/gcc/arm-none-eabi/4.8.1//libgcc.a(_divsi3.o)
 .bss           0x8101901c        0x0 ../cross_compiler/lib/gcc/arm-none-eabi/4.8.1//libgcc.a(_dvmd_tls.o)
 .bss           0x8101901c        0x0 ../cross_compiler/lib/gcc/arm-none-eabi/4.8.1//libgcc.a(_arm_muldivdf3.o)
 .bss           0x8101901c        0x0 ../cross_compiler/lib/gcc/arm-none-eabi/4.8.1//libgcc.a(_arm_cmpdf2.o)
 .bss           0x8101901c        0x0 ../cross_compiler/lib/gcc/arm-none-eabi/4.8.1//libgcc.a(_arm_fixdfsi.o)
 *(COMMON)
 COMMON         0x8101901c       0xf4 binaries/bufinit.o
                0x8101901c                buftab
                0x8101910c                nbpools
 COMMON         0x81019110        0x4 binaries/clkhandler.o
                0x81019110                clktimems
 COMMON         0x81019114        0xc binaries/clkinit.o
                0x81019114                sleepq
                0x81019118                preempt
                0x8101911c                clktime
 COMMON         0x81019120      0x200 binaries/evec.o
                0x81019120                intc_vector
 COMMON         0x81019320     0x1aa0 binaries/initialize.o
                0x81019320                currpid
                0x81019324                proctab
                0x8101a904                prcount
                0x8101a908                semtab
                0x8101adb8                memlist
 COMMON         0x8101adc0       0x58 binaries/mark.o
                0x8101adc0                marks
                0x8101ae10                nmarks
                0x8101ae14                mkmutex
 COMMON         0x8101ae18        0x8 binaries/meminit.o
                0x8101ae18                minheap
                0x8101ae1c                maxheap
 COMMON         0x8101ae20      0x2d8 binaries/ptinit.o
                0x8101ae20                porttab
                0x8101b0f0                ptnextid
                0x8101b0f4                ptfree
 COMMON         0x8101b0f8      0x980 binaries/queue.o
                0x8101b0f8                queuetab
 COMMON         0x8101ba78        0x2 binaries/ready.o
                0x8101ba78                readylist
 *fill*         0x8101ba7a        0x2 
 COMMON         0x8101ba7c        0x8 binaries/resched.o
                0x8101ba7c                Defer
 COMMON         0x8101ba84      0x110 binaries/ttyinit.o
                0x8101ba84                ttytab
 COMMON         0x8101bb94     0x19a4 binaries/naminit.o
                0x8101bb94                nnames
                0x8101bb98                nametab
 COMMON         0x8101d538      0x154 binaries/ethinit.o
                0x8101d538                eth_a_regs
                0x8101d554                ethertab
 COMMON         0x8101d68c       0x8c binaries/rdsinit.o
                0x8101d68c                rdstab
 COMMON         0x8101d718    0x19000 binaries/raminit.o
                0x8101d718                Ram
 COMMON         0x81036718      0xf00 binaries/lflinit.o
                0x81036718                lfltab
 COMMON         0x81037618      0x20c binaries/lfsinit.o
                0x81037618                Lf_data
 COMMON         0x81037824      0x5a0 binaries/rflinit.o
                0x81037824                rfltab
 COMMON         0x81037dc4       0x18 binaries/rfsinit.o
                0x81037dc4                Rf_data
 COMMON         0x81037ddc      0x140 binaries/arp.o
                0x81037ddc                arpcache
 COMMON         0x81037f1c      0x230 binaries/icmp.o
                0x81037f1c                icmptab
 COMMON         0x8103814c       0x2c binaries/ip.o
                0x8103814c                ipoqueue
 COMMON         0x81038178       0xb8 binaries/net.o
                0x81038178                netbufpool
                0x8103817c                netportseed
                0x81038180                NetData
 COMMON         0x81038230      0x168 binaries/udp.o
                0x81038230                udptab
 COMMON         0x81038398      0x150 binaries/init_topo.o
                0x81038398                bbb_stat
 COMMON         0x810384e8      0xa88 binaries/testbed.o
[...]
 .ARM.attributes
                0x00001fd2       0x35 binaries/lflgetc.o
 .ARM.attributes
                0x00002007       0x35 binaries/lflinit.o
 .ARM.attributes
                0x0000203c       0x35 binaries/lflputc.o
 .ARM.attributes
                0x00002071       0x35 binaries/lflread.o
 .ARM.attributes
                0x000020a6       0x35 binaries/lflseek.o
 .ARM.attributes
                0x000020db       0x35 binaries/lflwrite.o
 .ARM.attributes
                0x00002110       0x35 binaries/lfscheck.o
 .ARM.attributes
                0x00002145       0x35 binaries/lfsckfmt.o
 .ARM.attributes
                0x0000217a       0x35 binaries/lfscreate.o
 .ARM.attributes
                0x000021af       0x35 binaries/lfsetup.o
 .ARM.attributes
                0x000021e4       0x35 binaries/lfsinit.o
 .ARM.attributes
                0x00002219       0x35 binaries/lfsopen.o
 .ARM.attributes
                0x0000224e       0x35 binaries/lftruncate.o
 .ARM.attributes
                0x00002283       0x35 binaries/rflclose.o
 .ARM.attributes
                0x000022b8       0x35 binaries/rflgetc.o
 .ARM.attributes
                0x000022ed       0x35 binaries/rflinit.o
 .ARM.attributes
                0x00002322       0x35 binaries/rflputc.o
 .ARM.attributes
                0x00002357       0x35 binaries/rflread.o
 .ARM.attributes
                0x0000238c       0x35 binaries/rflseek.o
 .ARM.attributes
                0x000023c1       0x35 binaries/rflwrite.o
 .ARM.attributes
                0x000023f6       0x35 binaries/rfscomm.o
 .ARM.attributes
                0x0000242b       0x35 binaries/rfscontrol.o
 .ARM.attributes
                0x00002460       0x35 binaries/rfsgetmode.o
 .ARM.attributes
                0x00002495       0x35 binaries/rfsinit.o
 .ARM.attributes
                0x000024ca       0x35 binaries/rfsndmsg.o
 .ARM.attributes
                0x000024ff       0x35 binaries/rfsopen.o
 .ARM.attributes
                0x00002534       0x35 binaries/spicontrol.o
 .ARM.attributes
                0x00002569       0x35 binaries/spiinit.o
 .ARM.attributes
                0x0000259e       0x35 binaries/arp.o
 .ARM.attributes
                0x000025d3       0x35 binaries/dhcp.o
 .ARM.attributes
                0x00002608       0x35 binaries/dns.o
 .ARM.attributes
                0x0000263d       0x35 binaries/dot2ip.o
 .ARM.attributes
                0x00002672       0x35 binaries/hexdump.o
 .ARM.attributes
                0x000026a7       0x35 binaries/icmp.o
 .ARM.attributes
                0x000026dc       0x35 binaries/ip.o
 .ARM.attributes
                0x00002711       0x35 binaries/net.o
 .ARM.attributes
                0x00002746       0x35 binaries/netstart.o
 .ARM.attributes
                0x0000277b       0x35 binaries/pdump.o
 .ARM.attributes
                0x000027b0       0x35 binaries/tftp.o
 .ARM.attributes
                0x000027e5       0x35 binaries/udp.o
 .ARM.attributes
                0x0000281a       0x35 binaries/addargs.o
 .ARM.attributes
                0x0000284f       0x35 binaries/lexan.o
 .ARM.attributes
                0x00002884       0x35 binaries/shell.o
 .ARM.attributes
                0x000028b9       0x35 binaries/xsh_argecho.o
 .ARM.attributes
                0x000028ee       0x35 binaries/xsh_arp.o
 .ARM.attributes
                0x00002923       0x35 binaries/xsh_cat.o
 .ARM.attributes
                0x00002958       0x35 binaries/xsh_clear.o
 .ARM.attributes
                0x0000298d       0x35 binaries/xsh_date.o
 .ARM.attributes
                0x000029c2       0x35 binaries/xsh_devdump.o
 .ARM.attributes
                0x000029f7       0x35 binaries/xsh_echo.o
 .ARM.attributes
                0x00002a2c       0x35 binaries/xsh_exit.o
 .ARM.attributes
                0x00002a61       0x35 binaries/xsh_help.o
 .ARM.attributes
                0x00002a96       0x35 binaries/xsh_kill.o
 .ARM.attributes
                0x00002acb       0x35 binaries/xsh_memdump.o
 .ARM.attributes
                0x00002b00       0x35 binaries/xsh_memstat.o
 .ARM.attributes
                0x00002b35       0x35 binaries/xsh_netinfo.o
 .ARM.attributes
                0x00002b6a       0x35 binaries/xsh_ping.o
 .ARM.attributes
                0x00002b9f       0x35 binaries/xsh_ps.o
 .ARM.attributes
                0x00002bd4       0x35 binaries/xsh_sleep.o
 .ARM.attributes
                0x00002c09       0x35 binaries/xsh_udpdump.o
 .ARM.attributes
                0x00002c3e       0x35 binaries/xsh_udpecho.o
 .ARM.attributes
                0x00002c73       0x35 binaries/xsh_udpserver.o
 .ARM.attributes
                0x00002ca8       0x35 binaries/xsh_uptime.o
 .ARM.attributes
                0x00002cdd       0x35 binaries/cleanup.o
 .ARM.attributes
                0x00002d12       0x35 binaries/cmsg_handler.o
 .ARM.attributes
                0x00002d47       0x35 binaries/init_topo.o
 .ARM.attributes
                0x00002d7c       0x35 binaries/macs.o
 .ARM.attributes
                0x00002db1       0x35 binaries/monitor.o
 .ARM.attributes
                0x00002de6       0x35 binaries/nping.o
 .ARM.attributes
                0x00002e1b       0x35 binaries/print_topo.o
 .ARM.attributes
                0x00002e50       0x35 binaries/settime.o
 .ARM.attributes
                0x00002e85       0x35 binaries/testbed.o
 .ARM.attributes
                0x00002eba       0x35 binaries/testbed_assign.o
 .ARM.attributes
                0x00002eef       0x35 binaries/topology.o
 .ARM.attributes
                0x00002f24       0x35 binaries/wsserver.o
 .ARM.attributes
                0x00002f59       0x35 binaries/xonoff.o
 .ARM.attributes
                0x00002f8e       0x25 binaries/ctxsw.o
 .ARM.attributes
                0x00002fb3       0x25 binaries/intr.o
 .ARM.attributes
                0x00002fd8       0x18 ../cross_compiler/lib/gcc/arm-none-eabi/4.8.1//libgcc.a(_udivsi3.o)
 .ARM.attributes
                0x00002ff0       0x18 ../cross_compiler/lib/gcc/arm-none-eabi/4.8.1//libgcc.a(_divsi3.o)
 .ARM.attributes
                0x00003008       0x18 ../cross_compiler/lib/gcc/arm-none-eabi/4.8.1//libgcc.a(_dvmd_tls.o)
 .ARM.attributes
                0x00003020       0x18 ../cross_compiler/lib/gcc/arm-none-eabi/4.8.1//libgcc.a(_arm_muldivdf3.o)
 .ARM.attributes
                0x00003038       0x18 ../cross_compiler/lib/gcc/arm-none-eabi/4.8.1//libgcc.a(_arm_cmpdf2.o)
 .ARM.attributes
                0x00003050       0x18 ../cross_compiler/lib/gcc/arm-none-eabi/4.8.1//libgcc.a(_arm_fixdfsi.o)

.comment        0x00000000       0x30
 .comment       0x00000000       0x30 binaries/ascdate.o
                                 0x31 (size before relaxing)
 .comment       0x00000000       0x31 binaries/bufinit.o
 .comment       0x00000000       0x31 binaries/chprio.o
 .comment       0x00000000       0x31 binaries/clkhandler.o
 .comment       0x00000000       0x31 binaries/clkinit.o
 .comment       0x00000000       0x31 binaries/close.o
 .comment       0x00000000       0x31 binaries/conf.o
 .comment       0x00000000       0x31 binaries/control.o
 .comment       0x00000000       0x31 binaries/create.o
 .comment       0x00000000       0x31 binaries/evec.o
 .comment       0x00000000       0x31 binaries/exit.o
 .comment       0x00000000       0x31 binaries/freebuf.o
 .comment       0x00000000       0x31 binaries/freemem.o
 .comment       0x00000000       0x31 binaries/getbuf.o
 .comment       0x00000000       0x31 binaries/getc.o
 .comment       0x00000000       0x31 binaries/getdev.o
 .comment       0x00000000       0x31 binaries/getitem.o
 .comment       0x00000000       0x31 binaries/getmem.o
 .comment       0x00000000       0x31 binaries/getpid.o
 .comment       0x00000000       0x31 binaries/getprio.o
 .comment       0x00000000       0x31 binaries/getstk.o
 .comment       0x00000000       0x31 binaries/getticks.o
 .comment       0x00000000       0x31 binaries/gettime.o
 .comment       0x00000000       0x31 binaries/getutime.o
 .comment       0x00000000       0x31 binaries/init.o
 .comment       0x00000000       0x31 binaries/initialize.o
 .comment       0x00000000       0x31 binaries/insert.o
 .comment       0x00000000       0x31 binaries/insertd.o
 .comment       0x00000000       0x31 binaries/ioerr.o
 .comment       0x00000000       0x31 binaries/ionull.o
 .comment       0x00000000       0x31 binaries/kill.o
 .comment       0x00000000       0x31 binaries/kprintf.o
 .comment       0x00000000       0x31 binaries/main.o
 .comment       0x00000000       0x31 binaries/mark.o
 .comment       0x00000000       0x31 binaries/meminit.o
 .comment       0x00000000       0x31 binaries/mkbufpool.o
 .comment       0x00000000       0x31 binaries/newqueue.o
 .comment       0x00000000       0x31 binaries/open.o
 .comment       0x00000000       0x31 binaries/panic.o
 .comment       0x00000000       0x31 binaries/platinit.o
 .comment       0x00000000       0x31 binaries/ptclear.o
 .comment       0x00000000       0x31 binaries/ptcount.o
 .comment       0x00000000       0x31 binaries/ptcreate.o
 .comment       0x00000000       0x31 binaries/ptdelete.o
 .comment       0x00000000       0x31 binaries/ptinit.o
 .comment       0x00000000       0x31 binaries/ptrecv.o
 .comment       0x00000000       0x31 binaries/ptreset.o
 .comment       0x00000000       0x31 binaries/ptsend.o
 .comment       0x00000000       0x31 binaries/putc.o
 .comment       0x00000000       0x31 binaries/queue.o
 .comment       0x00000000       0x31 binaries/read.o
 .comment       0x00000000       0x31 binaries/ready.o
 .comment       0x00000000       0x31 binaries/receive.o
 .comment       0x00000000       0x31 binaries/recvclr.o
 .comment       0x00000000       0x31 binaries/recvtime.o
 .comment       0x00000000       0x31 binaries/resched.o
 .comment       0x00000000       0x31 binaries/resume.o
 .comment       0x00000000       0x31 binaries/seek.o
 .comment       0x00000000       0x31 binaries/semcount.o
 .comment       0x00000000       0x31 binaries/semcreate.o
 .comment       0x00000000       0x31 binaries/semdelete.o
 .comment       0x00000000       0x31 binaries/semreset.o
 .comment       0x00000000       0x31 binaries/send.o
 .comment       0x00000000       0x31 binaries/signal.o
 .comment       0x00000000       0x31 binaries/signaln.o
 .comment       0x00000000       0x31 binaries/sleep.o
 .comment       0x00000000       0x31 binaries/suspend.o
 .comment       0x00000000       0x31 binaries/unsleep.o
 .comment       0x00000000       0x31 binaries/userret.o
 .comment       0x00000000       0x31 binaries/wait.o
 .comment       0x00000000       0x31 binaries/wakeup.o
 .comment       0x00000000       0x31 binaries/write.o
 .comment       0x00000000       0x31 binaries/xdone.o
 .comment       0x00000000       0x31 binaries/yield.o
 .comment       0x00000000       0x31 binaries/abs.o
 .comment       0x00000000       0x31 binaries/atoi.o
 .comment       0x00000000       0x31 binaries/atol.o
 .comment       0x00000000       0x31 binaries/bzero.o
 .comment       0x00000000       0x31 binaries/ctype_.o
 .comment       0x00000000       0x31 binaries/doprnt.o
 .comment       0x00000000       0x31 binaries/doscan.o
 .comment       0x00000000       0x31 binaries/fdoprnt.o
 .comment       0x00000000       0x31 binaries/fgetc.o
 .comment       0x00000000       0x31 binaries/fgets.o
 .comment       0x00000000       0x31 binaries/fprintf.o
 .comment       0x00000000       0x31 binaries/fputc.o
 .comment       0x00000000       0x31 binaries/fputs.o
 .comment       0x00000000       0x31 binaries/fscanf.o
 .comment       0x00000000       0x31 binaries/getchar.o
 .comment       0x00000000       0x31 binaries/labs.o
 .comment       0x00000000       0x31 binaries/memchr.o
 .comment       0x00000000       0x31 binaries/memcmp.o
 .comment       0x00000000       0x31 binaries/memcpy.o
 .comment       0x00000000       0x31 binaries/memset.o
 .comment       0x00000000       0x31 binaries/printf.o
 .comment       0x00000000       0x31 binaries/putchar.o
 .comment       0x00000000       0x31 binaries/qsort.o
 .comment       0x00000000       0x31 binaries/rand.o
 .comment       0x00000000       0x31 binaries/sprintf.o
 .comment       0x00000000       0x31 binaries/sscanf.o
 .comment       0x00000000       0x31 binaries/strchr.o
 .comment       0x00000000       0x31 binaries/strcmp.o
 .comment       0x00000000       0x31 binaries/strcpy.o
 .comment       0x00000000       0x31 binaries/strlen.o
 .comment       0x00000000       0x31 binaries/strncat.o
 .comment       0x00000000       0x31 binaries/strncmp.o
 .comment       0x00000000       0x31 binaries/strncpy.o
 .comment       0x00000000       0x31 binaries/strnlen.o
 .comment       0x00000000       0x31 binaries/strrchr.o
 .comment       0x00000000       0x31 binaries/strstr.o
 .comment       0x00000000       0x31 binaries/ttycontrol.o
 .comment       0x00000000       0x31 binaries/ttygetc.o
 .comment       0x00000000       0x31 binaries/ttyhandle_in.o
 .comment       0x00000000       0x31 binaries/ttyhandle_out.o
 .comment       0x00000000       0x31 binaries/ttyhandler.o
 .comment       0x00000000       0x31 binaries/ttyinit.o
 .comment       0x00000000       0x31 binaries/ttykickout.o
 .comment       0x00000000       0x31 binaries/ttyputc.o
 .comment       0x00000000       0x31 binaries/ttyread.o
 .comment       0x00000000       0x31 binaries/ttywrite.o
 .comment       0x00000000       0x31 binaries/mount.o
 .comment       0x00000000       0x31 binaries/naminit.o
 .comment       0x00000000       0x31 binaries/nammap.o
 .comment       0x00000000       0x31 binaries/namopen.o
 .comment       0x00000000       0x31 binaries/ethcontrol.o
 .comment       0x00000000       0x31 binaries/ethhandler.o
 .comment       0x00000000       0x31 binaries/ethinit.o
 .comment       0x00000000       0x31 binaries/ethread.o
 .comment       0x00000000       0x31 binaries/ethwrite.o
 .comment       0x00000000       0x31 binaries/rdsbufalloc.o
 .comment       0x00000000       0x31 binaries/rdsclose.o
 .comment       0x00000000       0x31 binaries/rdscomm.o
 .comment       0x00000000       0x31 binaries/rdscontrol.o
 .comment       0x00000000       0x31 binaries/rdsinit.o
 .comment       0x00000000       0x31 binaries/rdsopen.o
 .comment       0x00000000       0x31 binaries/rdsprocess.o
 .comment       0x00000000       0x31 binaries/rdsread.o
 .comment       0x00000000       0x31 binaries/rdswrite.o
 .comment       0x00000000       0x31 binaries/ramclose.o
 .comment       0x00000000       0x31 binaries/raminit.o
 .comment       0x00000000       0x31 binaries/ramopen.o
 .comment       0x00000000       0x31 binaries/ramread.o
 .comment       0x00000000       0x31 binaries/ramwrite.o
 .comment       0x00000000       0x31 binaries/lfdballoc.o
 .comment       0x00000000       0x31 binaries/lfdbfree.o
 .comment       0x00000000       0x31 binaries/lfflush.o
 .comment       0x00000000       0x31 binaries/lfgetmode.o
 .comment       0x00000000       0x31 binaries/lfiballoc.o
 .comment       0x00000000       0x31 binaries/lfibclear.o
 .comment       0x00000000       0x31 binaries/lfibget.o
 .comment       0x00000000       0x31 binaries/lfibput.o
 .comment       0x00000000       0x31 binaries/lflclose.o
 .comment       0x00000000       0x31 binaries/lflcontrol.o
 .comment       0x00000000       0x31 binaries/lflgetc.o
 .comment       0x00000000       0x31 binaries/lflinit.o
 .comment       0x00000000       0x31 binaries/lflputc.o
 .comment       0x00000000       0x31 binaries/lflread.o
 .comment       0x00000000       0x31 binaries/lflseek.o
 .comment       0x00000000       0x31 binaries/lflwrite.o
 .comment       0x00000000       0x31 binaries/lfscheck.o
 .comment       0x00000000       0x31 binaries/lfsckfmt.o
 .comment       0x00000000       0x31 binaries/lfscreate.o
 .comment       0x00000000       0x31 binaries/lfsetup.o
 .comment       0x00000000       0x31 binaries/lfsinit.o
 .comment       0x00000000       0x31 binaries/lfsopen.o
 .comment       0x00000000       0x31 binaries/lftruncate.o
 .comment       0x00000000       0x31 binaries/rflclose.o
 .comment       0x00000000       0x31 binaries/rflgetc.o
 .comment       0x00000000       0x31 binaries/rflinit.o
 .comment       0x00000000       0x31 binaries/rflputc.o
 .comment       0x00000000       0x31 binaries/rflread.o
 .comment       0x00000000       0x31 binaries/rflseek.o
 .comment       0x00000000       0x31 binaries/rflwrite.o
 .comment       0x00000000       0x31 binaries/rfscomm.o
 .comment       0x00000000       0x31 binaries/rfscontrol.o
 .comment       0x00000000       0x31 binaries/rfsgetmode.o
 .comment       0x00000000       0x31 binaries/rfsinit.o
 .comment       0x00000000       0x31 binaries/rfsndmsg.o
 .comment       0x00000000       0x31 binaries/rfsopen.o
 .comment       0x00000000       0x31 binaries/spicontrol.o
 .comment       0x00000000       0x31 binaries/spiinit.o
 .comment       0x00000000       0x31 binaries/arp.o
 .comment       0x00000000       0x31 binaries/dhcp.o
 .comment       0x00000000       0x31 binaries/dns.o
 .comment       0x00000000       0x31 binaries/dot2ip.o
 .comment       0x00000000       0x31 binaries/hexdump.o
 .comment       0x00000000       0x31 binaries/icmp.o
 .comment       0x00000000       0x31 binaries/ip.o
 .comment       0x00000000       0x31 binaries/net.o
 .comment       0x00000000       0x31 binaries/netstart.o
 .comment       0x00000000       0x31 binaries/pdump.o
 .comment       0x00000000       0x31 binaries/tftp.o
 .comment       0x00000000       0x31 binaries/udp.o
 .comment       0x00000000       0x31 binaries/addargs.o
 .comment       0x00000000       0x31 binaries/lexan.o
 .comment       0x00000000       0x31 binaries/shell.o
 .comment       0x00000000       0x31 binaries/xsh_argecho.o
 .comment       0x00000000       0x31 binaries/xsh_arp.o
 .comment       0x00000000       0x31 binaries/xsh_cat.o
 .comment       0x00000000       0x31 binaries/xsh_clear.o
 .comment       0x00000000       0x31 binaries/xsh_date.o
 .comment       0x00000000       0x31 binaries/xsh_devdump.o
 .comment       0x00000000       0x31 binaries/xsh_echo.o
 .comment       0x00000000       0x31 binaries/xsh_exit.o
 .comment       0x00000000       0x31 binaries/xsh_help.o
 .comment       0x00000000       0x31 binaries/xsh_kill.o
 .comment       0x00000000       0x31 binaries/xsh_memdump.o
 .comment       0x00000000       0x31 binaries/xsh_memstat.o
 .comment       0x00000000       0x31 binaries/xsh_netinfo.o
 .comment       0x00000000       0x31 binaries/xsh_ping.o
 .comment       0x00000000       0x31 binaries/xsh_ps.o
 .comment       0x00000000       0x31 binaries/xsh_sleep.o
 .comment       0x00000000       0x31 binaries/xsh_udpdump.o
 .comment       0x00000000       0x31 binaries/xsh_udpecho.o
 .comment       0x00000000       0x31 binaries/xsh_udpserver.o
 .comment       0x00000000       0x31 binaries/xsh_uptime.o
 .comment       0x00000000       0x31 binaries/cleanup.o
 .comment       0x00000000       0x31 binaries/cmsg_handler.o
 .comment       0x00000000       0x31 binaries/init_topo.o
 .comment       0x00000000       0x31 binaries/macs.o
 .comment       0x00000000       0x31 binaries/monitor.o
 .comment       0x00000000       0x31 binaries/nping.o
 .comment       0x00000000       0x31 binaries/print_topo.o
 .comment       0x00000000       0x31 binaries/settime.o
 .comment       0x00000000       0x31 binaries/testbed.o
 .comment       0x00000000       0x31 binaries/testbed_assign.o
 .comment       0x00000000       0x31 binaries/topology.o
 .comment       0x00000000       0x31 binaries/wsserver.o
 .comment       0x00000000       0x31 binaries/xonoff.o

.debug_frame    0x00000000       0x40
 .debug_frame   0x00000000       0x20 ../cross_compiler/lib/gcc/arm-none-eabi/4.8.1//libgcc.a(_udivsi3.o)
 .debug_frame   0x00000020       0x20 ../cross_compiler/lib/gcc/arm-none-eabi/4.8.1//libgcc.a(_divsi3.o)
